06-05 00:07:33.735 31030 18669 I liteav  : {bizids, load_rate, avg_task_cost, avg_task_delay, task_count, reuse_count, max_task_cost, max_task_delay}:
06-05 00:07:33.735 31030 18669 I liteav  : 1_0_0_0_0_0=>
06-05 00:07:33.735 31030 18669 I liteav  : {0:, 0%, 0ms, 0ms, 121, 1, 1ms, 1ms}
06-05 00:07:33.735 31030 18669 I liteav  : 1_0_0_0_0_102=>
06-05 00:07:33.735 31030 18669 I liteav  : {102:, 1%, 0ms, 0ms, 167, 1, 2ms, 6ms}
06-05 00:07:33.735 31030 18669 I liteav  : 1_0_0_0_0_902=>
06-05 00:07:33.735 31030 18669 I liteav  : {902:, 0%, 0ms, 0ms, 66, 1, 2ms, 1ms}
06-05 00:07:33.735 31030 18669 I liteav  : 1_0_0_1_0_-1=>
06-05 00:07:33.735 31030 18669 I liteav  : {106:, 0%, 0ms, 0ms, 0, 1, 0ms, 0ms}
06-05 00:07:33.735 31030 18669 I liteav  : {107:, 0%, 0ms, 0ms, 0, 1, 0ms, 0ms}
06-05 00:07:33.735 31030 18669 I liteav  : 1_0_0_1_0_100=>
06-05 00:07:33.735 31030 18669 I liteav  : {100:, 0%, 0ms, 0ms, 4, 1, 1ms, 1ms}
06-05 00:07:33.735 31030 18669 I liteav  : 1_0_3_0_0_700=>
06-05 00:07:33.735 31030 18669 I liteav  : {700:, 0%, 0ms, 0ms, 0, 0, 0ms, 0ms}
06-05 00:07:33.735 31030 18669 I liteav  : 1_0_3_0_0_701=>
06-05 00:07:33.735 31030 18669 I liteav  : {701:, 0%, 0ms, 0ms, 6, 1, 1ms, 0ms}
06-05 00:07:33.735 31030 18669 I liteav  : 1_0_3_0_0_900=>
06-05 00:07:33.735 31030 18669 I liteav  : {900:, 0%, 0ms, 0ms, 122, 1, 1ms, 3ms}
06-05 00:07:33.735 31030 18669 I liteav  : 3_0_0_0_0_101=>
06-05 00:07:33.735 31030 18669 I liteav  : {101:, 2%, 0ms, 0ms, 166, 0, 1ms, 6ms}
06-05 00:07:33.743 31030 15051 W Unity   : Setting linear velocity of a kinematic body is not supported.
06-05 00:07:33.743 31030 15051 W Unity   : PhysicCharacter:FixedUpdate()
06-05 00:07:33.743 31030 15051 W Unity   : FightCharacter:FixedUpdate()
06-05 00:07:33.743 31030 15051 W Unity   : UnityEngine.Rigidbody:set_velocity(Vector3)
06-05 00:07:33.743 31030 15051 W Unity   : 
06-05 00:07:33.743 31030 15051 W Unity   : [ line 270584168]
06-05 00:07:33.744 31030 15051 W Unity   : Setting linear velocity of a kinematic body is not supported.
06-05 00:07:33.744 31030 15051 W Unity   : PhysicCharacter:FixedUpdate()
06-05 00:07:33.744 31030 15051 W Unity   : FightCharacter:FixedUpdate()
06-05 00:07:33.744 31030 15051 W Unity   : UnityEngine.Rigidbody:set_velocity(Vector3)
06-05 00:07:33.744 31030 15051 W Unity   : 
06-05 00:07:33.744 31030 15051 W Unity   : [ line 270584168]
06-05 00:07:33.776 31030 15051 W Unity   : Setting linear velocity of a kinematic body is not supported.
06-05 00:07:33.776 31030 15051 W Unity   : PhysicCharacter:FixedUpdate()
06-05 00:07:33.776 31030 15051 W Unity   : FightCharacter:FixedUpdate()
06-05 00:07:33.776 31030 15051 W Unity   : UnityEngine.Rigidbody:set_velocity(Vector3)
06-05 00:07:33.776 31030 15051 W Unity   : 
06-05 00:07:33.776 31030 15051 W Unity   : [ line 270584168]
06-05 00:07:33.777 31030 18669 I liteav  : [I][06-05/00:07:33.777+5.5][31030,18680][extension_center.cc:76][1:9440]Notify to extension: AudioSpatialEffectorExt. api call event: kUpdateAudioSpatialEffectorConfig
06-05 00:07:33.811 31030 15051 W Unity   : Setting linear velocity of a kinematic body is not supported.
06-05 00:07:33.811 31030 15051 W Unity   : PhysicCharacter:FixedUpdate()
06-05 00:07:33.811 31030 15051 W Unity   : FightCharacter:FixedUpdate()
06-05 00:07:33.811 31030 15051 W Unity   : UnityEngine.Rigidbody:set_velocity(Vector3)
06-05 00:07:33.811 31030 15051 W Unity   : 
06-05 00:07:33.811 31030 15051 W Unity   : [ line 270584168]
06-05 00:07:33.814 31030 15051 W Unity   : Setting linear velocity of a kinematic body is not supported.
06-05 00:07:33.814 31030 15051 W Unity   : PhysicCharacter:FixedUpdate()
06-05 00:07:33.814 31030 15051 W Unity   : FightCharacter:FixedUpdate()
06-05 00:07:33.814 31030 15051 W Unity   : UnityEngine.Rigidbody:set_velocity(Vector3)
06-05 00:07:33.814 31030 15051 W Unity   : 
06-05 00:07:33.814 31030 15051 W Unity   : [ line 270584168]
06-05 00:07:33.843 31030 15051 W Unity   : Setting linear velocity of a kinematic body is not supported.
06-05 00:07:33.843 31030 15051 W Unity   : PhysicCharacter:FixedUpdate()
06-05 00:07:33.843 31030 15051 W Unity   : FightCharacter:FixedUpdate()
06-05 00:07:33.843 31030 15051 W Unity   : UnityEngine.Rigidbody:set_velocity(Vector3)
06-05 00:07:33.843 31030 15051 W Unity   : 
06-05 00:07:33.843 31030 15051 W Unity   : [ line 270584168]
06-05 00:07:33.844 31030 15051 W Unity   : Setting linear velocity of a kinematic body is not supported.
06-05 00:07:33.844 31030 15051 W Unity   : PhysicCharacter:FixedUpdate()
06-05 00:07:33.844 31030 15051 W Unity   : FightCharacter:FixedUpdate()
06-05 00:07:33.844 31030 15051 W Unity   : UnityEngine.Rigidbody:set_velocity(Vector3)
06-05 00:07:33.844 31030 15051 W Unity   : 
06-05 00:07:33.844 31030 15051 W Unity   : [ line 270584168]
06-05 00:07:33.877 31030 15051 W Unity   : Setting linear velocity of a kinematic body is not supported.
06-05 00:07:33.877 31030 15051 W Unity   : PhysicCharacter:FixedUpdate()
06-05 00:07:33.877 31030 15051 W Unity   : FightCharacter:FixedUpdate()
06-05 00:07:33.877 31030 15051 W Unity   : UnityEngine.Rigidbody:set_velocity(Vector3)
06-05 00:07:33.877 31030 15051 W Unity   : 
06-05 00:07:33.877 31030 15051 W Unity   : [ line 270584168]
06-05 00:07:33.910 31030 15051 W Unity   : Setting linear velocity of a kinematic body is not supported.
06-05 00:07:33.910 31030 15051 W Unity   : PhysicCharacter:FixedUpdate()
06-05 00:07:33.910 31030 15051 W Unity   : FightCharacter:FixedUpdate()
06-05 00:07:33.910 31030 15051 W Unity   : UnityEngine.Rigidbody:set_velocity(Vector3)
06-05 00:07:33.910 31030 15051 W Unity   : 
06-05 00:07:33.910 31030 15051 W Unity   : [ line 270584168]
06-05 00:07:33.911 31030 15051 W Unity   : Setting linear velocity of a kinematic body is not supported.
06-05 00:07:33.911 31030 15051 W Unity   : PhysicCharacter:FixedUpdate()
06-05 00:07:33.911 31030 15051 W Unity   : FightCharacter:FixedUpdate()
06-05 00:07:33.911 31030 15051 W Unity   : UnityEngine.Rigidbody:set_velocity(Vector3)
06-05 00:07:33.911 31030 15051 W Unity   : 
06-05 00:07:33.911 31030 15051 W Unity   : [ line 270584168]
06-05 00:07:33.936 31030 18669 I liteav  : [I][06-05/00:07:33.936+5.5][31030,18680][io_working_status_printer.cc:107]player volume type: kVoip, sample rate: 44100 ,channels: 1 Within 40000 ms, kPlayout produced 38980 ms data, callback count is 1949, average io duration is 20 ms.
06-05 00:07:33.943 31030 15051 W Unity   : Setting linear velocity of a kinematic body is not supported.
06-05 00:07:33.943 31030 15051 W Unity   : PhysicCharacter:FixedUpdate()
06-05 00:07:33.943 31030 15051 W Unity   : FightCharacter:FixedUpdate()
06-05 00:07:33.943 31030 15051 W Unity   : UnityEngine.Rigidbody:set_velocity(Vector3)
06-05 00:07:33.943 31030 15051 W Unity   : 
06-05 00:07:33.943 31030 15051 W Unity   : [ line 270584168]
06-05 00:07:33.945 31030 15051 W Unity   : Setting linear velocity of a kinematic body is not supported.
06-05 00:07:33.945 31030 15051 W Unity   : PhysicCharacter:FixedUpdate()
06-05 00:07:33.945 31030 15051 W Unity   : FightCharacter:FixedUpdate()
06-05 00:07:33.945 31030 15051 W Unity   : UnityEngine.Rigidbody:set_velocity(Vector3)
06-05 00:07:33.945 31030 15051 W Unity   : 
06-05 00:07:33.945 31030 15051 W Unity   : [ line 270584168]
06-05 00:07:33.946 31030 18669 I liteav  : [I][06-05/00:07:33.946+5.5][31030,18680][extension_center.cc:76][1:9440]Notify to extension: AudioSpatialEffectorExt. api call event: kUpdateAudioSpatialEffectorConfig
06-05 00:07:33.976 31030 15051 W Unity   : Setting linear velocity of a kinematic body is not supported.
06-05 00:07:33.976 31030 15051 W Unity   : PhysicCharacter:FixedUpdate()
06-05 00:07:33.976 31030 15051 W Unity   : FightCharacter:FixedUpdate()
06-05 00:07:33.976 31030 15051 W Unity   : UnityEngine.Rigidbody:set_velocity(Vector3)
06-05 00:07:33.976 31030 15051 W Unity   : 
06-05 00:07:33.976 31030 15051 W Unity   : [ line 270584168]
06-05 00:07:34.010 31030 15051 W Unity   : Setting linear velocity of a kinematic body is not supported.
06-05 00:07:34.010 31030 15051 W Unity   : PhysicCharacter:FixedUpdate()
06-05 00:07:34.010 31030 15051 W Unity   : FightCharacter:FixedUpdate()
06-05 00:07:34.010 31030 15051 W Unity   : UnityEngine.Rigidbody:set_velocity(Vector3)
06-05 00:07:34.010 31030 15051 W Unity   : 
06-05 00:07:34.010 31030 15051 W Unity   : [ line 270584168]
06-05 00:07:34.012 31030 15051 W Unity   : Setting linear velocity of a kinematic body is not supported.
06-05 00:07:34.012 31030 15051 W Unity   : PhysicCharacter:FixedUpdate()
06-05 00:07:34.012 31030 15051 W Unity   : FightCharacter:FixedUpdate()
06-05 00:07:34.012 31030 15051 W Unity   : UnityEngine.Rigidbody:set_velocity(Vector3)
06-05 00:07:34.012 31030 15051 W Unity   : 
06-05 00:07:34.012 31030 15051 W Unity   : [ line 270584168]
06-05 00:07:34.051 31030 15051 W Unity   : Setting linear velocity of a kinematic body is not supported.
06-05 00:07:34.051 31030 15051 W Unity   : PhysicCharacter:FixedUpdate()
06-05 00:07:34.051 31030 15051 W Unity   : FightCharacter:FixedUpdate()
06-05 00:07:34.051 31030 15051 W Unity   : UnityEngine.Rigidbody:set_velocity(Vector3)
06-05 00:07:34.051 31030 15051 W Unity   : 
06-05 00:07:34.051 31030 15051 W Unity   : [ line 270584168]
06-05 00:07:34.052 31030 15051 W Unity   : Setting linear velocity of a kinematic body is not supported.
06-05 00:07:34.052 31030 15051 W Unity   : PhysicCharacter:FixedUpdate()
06-05 00:07:34.052 31030 15051 W Unity   : FightCharacter:FixedUpdate()
06-05 00:07:34.052 31030 15051 W Unity   : UnityEngine.Rigidbody:set_velocity(Vector3)
06-05 00:07:34.052 31030 15051 W Unity   : 
06-05 00:07:34.052 31030 15051 W Unity   : [ line 270584168]
06-05 00:07:34.065 31030 18688 I AudioManager: In isSpeakerphoneOn(), calling application: com.newlang.weelife.in
06-05 00:07:34.066 31030 18718 I liteav  : [I][06-05/00:07:34.066+5.5][31030,18718][audio_track_health_monitor.cc:388]AudioTrack(ExternalPlayout) track id(ExternalPlayoutTrack[1:9440]) track health:-1962, total work duration(ms):39240, total hunger duration(ms):39240, max hunger duration(ms):39240, total overflow duration(ms):0, max overflow duration(ms):0, max cache size(ms):2000, max frame read delay(ms):0, current cache size(ms):0, abnormal frame read delay counts:0
06-05 00:07:34.105 31030 15051 W Unity   : Setting linear velocity of a kinematic body is not supported.
06-05 00:07:34.105 31030 15051 W Unity   : PhysicCharacter:FixedUpdate()
06-05 00:07:34.105 31030 15051 W Unity   : FightCharacter:FixedUpdate()
06-05 00:07:34.105 31030 15051 W Unity   : UnityEngine.Rigidbody:set_velocity(Vector3)
06-05 00:07:34.105 31030 15051 W Unity   : 
06-05 00:07:34.105 31030 15051 W Unity   : [ line 270584168]
06-05 00:07:34.109 31030 15051 W Unity   : Setting linear velocity of a kinematic body is not supported.
06-05 00:07:34.109 31030 15051 W Unity   : PhysicCharacter:FixedUpdate()
06-05 00:07:34.109 31030 15051 W Unity   : FightCharacter:FixedUpdate()
06-05 00:07:34.109 31030 15051 W Unity   : UnityEngine.Rigidbody:set_velocity(Vector3)
06-05 00:07:34.109 31030 15051 W Unity   : 
06-05 00:07:34.109 31030 15051 W Unity   : [ line 270584168]
06-05 00:07:34.151 31030 15051 W Unity   : Setting linear velocity of a kinematic body is not supported.
06-05 00:07:34.151 31030 15051 W Unity   : PhysicCharacter:FixedUpdate()
06-05 00:07:34.151 31030 15051 W Unity   : FightCharacter:FixedUpdate()
06-05 00:07:34.151 31030 15051 W Unity   : UnityEngine.Rigidbody:set_velocity(Vector3)
06-05 00:07:34.151 31030 15051 W Unity   : 
06-05 00:07:34.151 31030 15051 W Unity   : [ line 270584168]
06-05 00:07:34.153 31030 15051 W Unity   : Setting linear velocity of a kinematic body is not supported.
06-05 00:07:34.153 31030 15051 W Unity   : PhysicCharacter:FixedUpdate()
06-05 00:07:34.153 31030 15051 W Unity   : FightCharacter:FixedUpdate()
06-05 00:07:34.153 31030 15051 W Unity   : UnityEngine.Rigidbody:set_velocity(Vector3)
06-05 00:07:34.153 31030 15051 W Unity   : 
06-05 00:07:34.153 31030 15051 W Unity   : [ line 270584168]
06-05 00:07:34.154 31030 15051 W Unity   : Setting linear velocity of a kinematic body is not supported.
06-05 00:07:34.154 31030 15051 W Unity   : PhysicCharacter:FixedUpdate()
06-05 00:07:34.154 31030 15051 W Unity   : FightCharacter:FixedUpdate()
06-05 00:07:34.154 31030 15051 W Unity   : UnityEngine.Rigidbody:set_velocity(Vector3)
06-05 00:07:34.154 31030 15051 W Unity   : 
06-05 00:07:34.154 31030 15051 W Unity   : [ line 270584168]
06-05 00:07:34.156 31030 18669 I liteav  : [I][06-05/00:07:34.156+5.5][31030,18680][extension_center.cc:76][1:9440]Notify to extension: AudioSpatialEffectorExt. api call event: kUpdateAudioSpatialEffectorConfig
06-05 00:07:34.187 31030 18669 I liteav  : [I][06-05/00:07:34.187+5.5][31030,18680][io_working_status_printer.cc:107]recorder volume type: kVoip, sample rate: 16000 ,channels: 1 Within 40000 ms, kCapture produced 34980 ms data, callback count is 1749, average io duration is 20 ms.
06-05 00:07:34.195 31030 18669 I liteav  : [I][06-05/00:07:34.194+5.5][31030,18680][io_working_status_printer.cc:107] Within 40000 ms, kPublish produced 34980 ms data, callback count is 1749, average io duration is 20 ms.
06-05 00:07:34.209 31030 15051 W Unity   : Setting linear velocity of a kinematic body is not supported.
06-05 00:07:34.209 31030 15051 W Unity   : PhysicCharacter:FixedUpdate()
06-05 00:07:34.209 31030 15051 W Unity   : FightCharacter:FixedUpdate()
06-05 00:07:34.209 31030 15051 W Unity   : UnityEngine.Rigidbody:set_velocity(Vector3)
06-05 00:07:34.209 31030 15051 W Unity   : 
06-05 00:07:34.209 31030 15051 W Unity   : [ line 270584168]
06-05 00:07:34.210 31030 15051 W Unity   : Setting linear velocity of a kinematic body is not supported.
06-05 00:07:34.210 31030 15051 W Unity   : PhysicCharacter:FixedUpdate()
06-05 00:07:34.210 31030 15051 W Unity   : FightCharacter:FixedUpdate()
06-05 00:07:34.210 31030 15051 W Unity   : UnityEngine.Rigidbody:set_velocity(Vector3)
06-05 00:07:34.210 31030 15051 W Unity   : 
06-05 00:07:34.210 31030 15051 W Unity   : [ line 270584168]
06-05 00:07:34.327 31030 15051 I AudioManager: In startbluetoothSco(), calling application: com.newlang.weelife.in
06-05 00:07:34.385 31030 15051 W Unity   : Setting linear velocity of a kinematic body is not supported.
06-05 00:07:34.385 31030 15051 W Unity   : PhysicCharacter:FixedUpdate()
06-05 00:07:34.385 31030 15051 W Unity   : FightCharacter:FixedUpdate()
06-05 00:07:34.385 31030 15051 W Unity   : UnityEngine.Rigidbody:set_velocity(Vector3)
06-05 00:07:34.385 31030 15051 W Unity   : 
06-05 00:07:34.385 31030 15051 W Unity   : [ line 270584168]
06-05 00:07:34.388 31030 15051 W Unity   : Setting linear velocity of a kinematic body is not supported.
06-05 00:07:34.388 31030 15051 W Unity   : PhysicCharacter:FixedUpdate()
06-05 00:07:34.388 31030 15051 W Unity   : FightCharacter:FixedUpdate()
06-05 00:07:34.388 31030 15051 W Unity   : UnityEngine.Rigidbody:set_velocity(Vector3)
06-05 00:07:34.388 31030 15051 W Unity   : 
06-05 00:07:34.388 31030 15051 W Unity   : [ line 270584168]
06-05 00:07:34.392 31030 15051 W Unity   : Setting linear velocity of a kinematic body is not supported.
06-05 00:07:34.392 31030 15051 W Unity   : PhysicCharacter:FixedUpdate()
06-05 00:07:34.392 31030 15051 W Unity   : FightCharacter:FixedUpdate()
06-05 00:07:34.392 31030 15051 W Unity   : UnityEngine.Rigidbody:set_velocity(Vector3)
06-05 00:07:34.392 31030 15051 W Unity   : 
06-05 00:07:34.392 31030 15051 W Unity   : [ line 270584168]
06-05 00:07:34.393 31030 15051 W Unity   : Setting linear velocity of a kinematic body is not supported.
06-05 00:07:34.393 31030 15051 W Unity   : PhysicCharacter:FixedUpdate()
06-05 00:07:34.393 31030 15051 W Unity   : FightCharacter:FixedUpdate()
06-05 00:07:34.393 31030 15051 W Unity   : UnityEngine.Rigidbody:set_velocity(Vector3)
06-05 00:07:34.393 31030 15051 W Unity   : 
06-05 00:07:34.393 31030 15051 W Unity   : [ line 270584168]
06-05 00:07:34.394 31030 15051 W Unity   : Setting linear velocity of a kinematic body is not supported.
06-05 00:07:34.394 31030 15051 W Unity   : PhysicCharacter:FixedUpdate()
06-05 00:07:34.394 31030 15051 W Unity   : FightCharacter:FixedUpdate()
06-05 00:07:34.394 31030 15051 W Unity   : UnityEngine.Rigidbody:set_velocity(Vector3)
06-05 00:07:34.394 31030 15051 W Unity   : 
06-05 00:07:34.394 31030 15051 W Unity   : [ line 270584168]
06-05 00:07:34.435 31030 15051 W Unity   : Setting linear velocity of a kinematic body is not supported.
06-05 00:07:34.435 31030 15051 W Unity   : PhysicCharacter:FixedUpdate()
06-05 00:07:34.435 31030 15051 W Unity   : FightCharacter:FixedUpdate()
06-05 00:07:34.435 31030 15051 W Unity   : UnityEngine.Rigidbody:set_velocity(Vector3)
06-05 00:07:34.435 31030 15051 W Unity   : 
06-05 00:07:34.435 31030 15051 W Unity   : [ line 270584168]
06-05 00:07:34.436 31030 15051 W Unity   : Setting linear velocity of a kinematic body is not supported.
06-05 00:07:34.436 31030 15051 W Unity   : PhysicCharacter:FixedUpdate()
06-05 00:07:34.436 31030 15051 W Unity   : FightCharacter:FixedUpdate()
06-05 00:07:34.436 31030 15051 W Unity   : UnityEngine.Rigidbody:set_velocity(Vector3)
06-05 00:07:34.436 31030 15051 W Unity   : 
06-05 00:07:34.436 31030 15051 W Unity   : [ line 270584168]
06-05 00:07:34.437 31030 15051 W Unity   : Setting linear velocity of a kinematic body is not supported.
06-05 00:07:34.437 31030 15051 W Unity   : PhysicCharacter:FixedUpdate()
06-05 00:07:34.437 31030 15051 W Unity   : FightCharacter:FixedUpdate()
06-05 00:07:34.437 31030 15051 W Unity   : UnityEngine.Rigidbody:set_velocity(Vector3)
06-05 00:07:34.437 31030 15051 W Unity   : 
06-05 00:07:34.437 31030 15051 W Unity   : [ line 270584168]
06-05 00:07:34.439 31030 15051 W Unity   : Setting linear velocity of a kinematic body is not supported.
06-05 00:07:34.439 31030 15051 W Unity   : PhysicCharacter:FixedUpdate()
06-05 00:07:34.439 31030 15051 W Unity   : FightCharacter:FixedUpdate()
06-05 00:07:34.439 31030 15051 W Unity   : UnityEngine.Rigidbody:set_velocity(Vector3)
06-05 00:07:34.439 31030 15051 W Unity   : 
06-05 00:07:34.439 31030 15051 W Unity   : [ line 270584168]
06-05 00:07:34.509 31030 15051 W Unity   : Setting linear velocity of a kinematic body is not supported.
06-05 00:07:34.509 31030 15051 W Unity   : PhysicCharacter:FixedUpdate()
06-05 00:07:34.509 31030 15051 W Unity   : FightCharacter:FixedUpdate()
06-05 00:07:34.509 31030 15051 W Unity   : UnityEngine.Rigidbody:set_velocity(Vector3)
06-05 00:07:34.509 31030 15051 W Unity   : 
06-05 00:07:34.509 31030 15051 W Unity   : [ line 270584168]
06-05 00:07:34.511 31030 15051 W Unity   : Setting linear velocity of a kinematic body is not supported.
06-05 00:07:34.511 31030 15051 W Unity   : PhysicCharacter:FixedUpdate()
06-05 00:07:34.511 31030 15051 W Unity   : FightCharacter:FixedUpdate()
06-05 00:07:34.511 31030 15051 W Unity   : UnityEngine.Rigidbody:set_velocity(Vector3)
06-05 00:07:34.511 31030 15051 W Unity   : 
06-05 00:07:34.511 31030 15051 W Unity   : [ line 270584168]
06-05 00:07:34.519 31030 15051 W Unity   : Setting linear velocity of a kinematic body is not supported.
06-05 00:07:34.519 31030 15051 W Unity   : PhysicCharacter:FixedUpdate()
06-05 00:07:34.519 31030 15051 W Unity   : FightCharacter:FixedUpdate()
06-05 00:07:34.519 31030 15051 W Unity   : UnityEngine.Rigidbody:set_velocity(Vector3)
06-05 00:07:34.519 31030 15051 W Unity   : 
06-05 00:07:34.519 31030 15051 W Unity   : [ line 270584168]
06-05 00:07:34.587 31030 19476 W AudioTrack: Use of stream types is deprecated for operations other than volume control
06-05 00:07:34.587 31030 19476 W AudioTrack: See the documentation of AudioTrack() for what to use instead with android.media.AudioAttributes to qualify your playback use case
06-05 00:07:34.609 31030 15051 W Unity   : Setting linear velocity of a kinematic body is not supported.
06-05 00:07:34.609 31030 15051 W Unity   : PhysicCharacter:FixedUpdate()
06-05 00:07:34.609 31030 15051 W Unity   : FightCharacter:FixedUpdate()
06-05 00:07:34.609 31030 15051 W Unity   : UnityEngine.Rigidbody:set_velocity(Vector3)
06-05 00:07:34.609 31030 15051 W Unity   : 
06-05 00:07:34.609 31030 15051 W Unity   : [ line 270584168]
06-05 00:07:34.611 31030 15051 W Unity   : Setting linear velocity of a kinematic body is not supported.
06-05 00:07:34.611 31030 15051 W Unity   : PhysicCharacter:FixedUpdate()
06-05 00:07:34.611 31030 15051 W Unity   : FightCharacter:FixedUpdate()
06-05 00:07:34.611 31030 15051 W Unity   : UnityEngine.Rigidbody:set_velocity(Vector3)
06-05 00:07:34.611 31030 15051 W Unity   : 
06-05 00:07:34.611 31030 15051 W Unity   : [ line 270584168]
06-05 00:07:34.613 31030 15051 W Unity   : Setting linear velocity of a kinematic body is not supported.
06-05 00:07:34.613 31030 15051 W Unity   : PhysicCharacter:FixedUpdate()
06-05 00:07:34.613 31030 15051 W Unity   : FightCharacter:FixedUpdate()
06-05 00:07:34.613 31030 15051 W Unity   : UnityEngine.Rigidbody:set_velocity(Vector3)
06-05 00:07:34.613 31030 15051 W Unity   : 
06-05 00:07:34.613 31030 15051 W Unity   : [ line 270584168]
06-05 00:07:34.616 31030 15051 W Unity   : Setting linear velocity of a kinematic body is not supported.
06-05 00:07:34.616 31030 15051 W Unity   : PhysicCharacter:FixedUpdate()
06-05 00:07:34.616 31030 15051 W Unity   : FightCharacter:FixedUpdate()
06-05 00:07:34.616 31030 15051 W Unity   : UnityEngine.Rigidbody:set_velocity(Vector3)
06-05 00:07:34.616 31030 15051 W Unity   : 
06-05 00:07:34.616 31030 15051 W Unity   : [ line 270584168]
06-05 00:07:34.620 31030 15051 W Unity   : Setting linear velocity of a kinematic body is not supported.
06-05 00:07:34.620 31030 15051 W Unity   : PhysicCharacter:FixedUpdate()
06-05 00:07:34.620 31030 15051 W Unity   : FightCharacter:FixedUpdate()
06-05 00:07:34.620 31030 15051 W Unity   : UnityEngine.Rigidbody:set_velocity(Vector3)
06-05 00:07:34.620 31030 15051 W Unity   : 
06-05 00:07:34.620 31030 15051 W Unity   : [ line 270584168]
06-05 00:07:34.623 31030 18669 I liteav  : [I][06-05/00:07:34.622+5.5][31030,18680][extension_center.cc:76][1:9440]Notify to extension: AudioSpatialEffectorExt. api call event: kUpdateAudioSpatialEffectorConfig
06-05 00:07:34.672 31030 15051 W Unity   : Setting linear velocity of a kinematic body is not supported.
06-05 00:07:34.672 31030 15051 W Unity   : PhysicCharacter:FixedUpdate()
06-05 00:07:34.672 31030 15051 W Unity   : FightCharacter:FixedUpdate()
06-05 00:07:34.672 31030 15051 W Unity   : UnityEngine.Rigidbody:set_velocity(Vector3)
06-05 00:07:34.672 31030 15051 W Unity   : 
06-05 00:07:34.672 31030 15051 W Unity   : [ line 270584168]
06-05 00:07:34.674 31030 15051 W Unity   : Setting linear velocity of a kinematic body is not supported.
06-05 00:07:34.674 31030 15051 W Unity   : PhysicCharacter:FixedUpdate()
06-05 00:07:34.674 31030 15051 W Unity   : FightCharacter:FixedUpdate()
06-05 00:07:34.674 31030 15051 W Unity   : UnityEngine.Rigidbody:set_velocity(Vector3)
06-05 00:07:34.674 31030 15051 W Unity   : 
06-05 00:07:34.674 31030 15051 W Unity   : [ line 270584168]
06-05 00:07:34.696 31030 15051 W Unity   : Setting linear velocity of a kinematic body is not supported.
06-05 00:07:34.696 31030 15051 W Unity   : PhysicCharacter:FixedUpdate()
06-05 00:07:34.696 31030 15051 W Unity   : FightCharacter:FixedUpdate()
06-05 00:07:34.696 31030 15051 W Unity   : UnityEngine.Rigidbody:set_velocity(Vector3)
06-05 00:07:34.696 31030 15051 W Unity   : 
06-05 00:07:34.696 31030 15051 W Unity   : [ line 270584168]
06-05 00:07:34.734 31030 15051 W Unity   : Setting linear velocity of a kinematic body is not supported.
06-05 00:07:34.734 31030 15051 W Unity   : PhysicCharacter:FixedUpdate()
06-05 00:07:34.734 31030 15051 W Unity   : FightCharacter:FixedUpdate()
06-05 00:07:34.734 31030 15051 W Unity   : UnityEngine.Rigidbody:set_velocity(Vector3)
06-05 00:07:34.734 31030 15051 W Unity   : 
06-05 00:07:34.734 31030 15051 W Unity   : [ line 270584168]
06-05 00:07:34.736 31030 15051 W Unity   : Setting linear velocity of a kinematic body is not supported.
06-05 00:07:34.736 31030 15051 W Unity   : PhysicCharacter:FixedUpdate()
06-05 00:07:34.736 31030 15051 W Unity   : FightCharacter:FixedUpdate()
06-05 00:07:34.736 31030 15051 W Unity   : UnityEngine.Rigidbody:set_velocity(Vector3)
06-05 00:07:34.736 31030 15051 W Unity   : 
06-05 00:07:34.736 31030 15051 W Unity   : [ line 270584168]
06-05 00:07:34.737 31030 15051 W Unity   : Setting linear velocity of a kinematic body is not supported.
06-05 00:07:34.737 31030 15051 W Unity   : PhysicCharacter:FixedUpdate()
06-05 00:07:34.737 31030 15051 W Unity   : FightCharacter:FixedUpdate()
06-05 00:07:34.737 31030 15051 W Unity   : UnityEngine.Rigidbody:set_velocity(Vector3)
06-05 00:07:34.737 31030 15051 W Unity   : 
06-05 00:07:34.737 31030 15051 W Unity   : [ line 270584168]
06-05 00:07:34.738 31030 15051 W Unity   : Setting linear velocity of a kinematic body is not supported.
06-05 00:07:34.738 31030 15051 W Unity   : PhysicCharacter:FixedUpdate()
06-05 00:07:34.738 31030 15051 W Unity   : FightCharacter:FixedUpdate()
06-05 00:07:34.738 31030 15051 W Unity   : UnityEngine.Rigidbody:set_velocity(Vector3)
06-05 00:07:34.738 31030 15051 W Unity   : 
06-05 00:07:34.738 31030 15051 W Unity   : [ line 270584168]
06-05 00:07:34.787 31030 15051 W Unity   : Setting linear velocity of a kinematic body is not supported.
06-05 00:07:34.787 31030 15051 W Unity   : PhysicCharacter:FixedUpdate()
06-05 00:07:34.787 31030 15051 W Unity   : FightCharacter:FixedUpdate()
06-05 00:07:34.787 31030 15051 W Unity   : UnityEngine.Rigidbody:set_velocity(Vector3)
06-05 00:07:34.787 31030 15051 W Unity   : 
06-05 00:07:34.787 31030 15051 W Unity   : [ line 270584168]
06-05 00:07:34.789 31030 15051 W Unity   : Setting linear velocity of a kinematic body is not supported.
06-05 00:07:34.789 31030 15051 W Unity   : PhysicCharacter:FixedUpdate()
06-05 00:07:34.789 31030 15051 W Unity   : FightCharacter:FixedUpdate()
06-05 00:07:34.789 31030 15051 W Unity   : UnityEngine.Rigidbody:set_velocity(Vector3)
06-05 00:07:34.789 31030 15051 W Unity   : 
06-05 00:07:34.789 31030 15051 W Unity   : [ line 270584168]
06-05 00:07:34.845 31030 15051 W Unity   : Setting linear velocity of a kinematic body is not supported.
06-05 00:07:34.845 31030 15051 W Unity   : PhysicCharacter:FixedUpdate()
06-05 00:07:34.845 31030 15051 W Unity   : FightCharacter:FixedUpdate()
06-05 00:07:34.845 31030 15051 W Unity   : UnityEngine.Rigidbody:set_velocity(Vector3)
06-05 00:07:34.845 31030 15051 W Unity   : 
06-05 00:07:34.845 31030 15051 W Unity   : [ line 270584168]
06-05 00:07:34.847 31030 15051 W Unity   : Setting linear velocity of a kinematic body is not supported.
06-05 00:07:34.847 31030 15051 W Unity   : PhysicCharacter:FixedUpdate()
06-05 00:07:34.847 31030 15051 W Unity   : FightCharacter:FixedUpdate()
06-05 00:07:34.847 31030 15051 W Unity   : UnityEngine.Rigidbody:set_velocity(Vector3)
06-05 00:07:34.847 31030 15051 W Unity   : 
06-05 00:07:34.847 31030 15051 W Unity   : [ line 270584168]
06-05 00:07:34.848 31030 15051 W Unity   : Setting linear velocity of a kinematic body is not supported.
06-05 00:07:34.848 31030 15051 W Unity   : PhysicCharacter:FixedUpdate()
06-05 00:07:34.848 31030 15051 W Unity   : FightCharacter:FixedUpdate()
06-05 00:07:34.848 31030 15051 W Unity   : UnityEngine.Rigidbody:set_velocity(Vector3)
06-05 00:07:34.848 31030 15051 W Unity   : 
06-05 00:07:34.848 31030 15051 W Unity   : [ line 270584168]
06-05 00:07:34.874 31030 18689 I aecmaec_aecmcore.c: aecmaec_aecmcore.c:836|AEC_filter_reset1:last_delay=0,delay=106.timeInMs=3816
06-05 00:07:34.892 31030 15051 W Unity   : Setting linear velocity of a kinematic body is not supported.
06-05 00:07:34.892 31030 15051 W Unity   : PhysicCharacter:FixedUpdate()
06-05 00:07:34.892 31030 15051 W Unity   : FightCharacter:FixedUpdate()
06-05 00:07:34.892 31030 15051 W Unity   : UnityEngine.Rigidbody:set_velocity(Vector3)
06-05 00:07:34.892 31030 15051 W Unity   : 
06-05 00:07:34.892 31030 15051 W Unity   : [ line 270584168]
06-05 00:07:34.894 31030 15051 W Unity   : Setting linear velocity of a kinematic body is not supported.
06-05 00:07:34.894 31030 15051 W Unity   : PhysicCharacter:FixedUpdate()
06-05 00:07:34.894 31030 15051 W Unity   : FightCharacter:FixedUpdate()
06-05 00:07:34.894 31030 15051 W Unity   : UnityEngine.Rigidbody:set_velocity(Vector3)
06-05 00:07:34.894 31030 15051 W Unity   : 
06-05 00:07:34.894 31030 15051 W Unity   : [ line 270584168]
06-05 00:07:34.895 31030 18669 I liteav  : [I][06-05/00:07:34.895+5.5][31030,18680][extension_center.cc:76][1:9440]Notify to extension: AudioSpatialEffectorExt. api call event: kUpdateAudioSpatialEffectorConfig
06-05 00:07:34.952 31030 15051 W Unity   : Setting linear velocity of a kinematic body is not supported.
06-05 00:07:34.952 31030 15051 W Unity   : PhysicCharacter:FixedUpdate()
06-05 00:07:34.952 31030 15051 W Unity   : FightCharacter:FixedUpdate()
06-05 00:07:34.952 31030 15051 W Unity   : UnityEngine.Rigidbody:set_velocity(Vector3)
06-05 00:07:34.952 31030 15051 W Unity   : 
06-05 00:07:34.952 31030 15051 W Unity   : [ line 270584168]
06-05 00:07:34.958 31030 15051 W Unity   : Setting linear velocity of a kinematic body is not supported.
06-05 00:07:34.958 31030 15051 W Unity   : PhysicCharacter:FixedUpdate()
06-05 00:07:34.958 31030 15051 W Unity   : FightCharacter:FixedUpdate()
06-05 00:07:34.958 31030 15051 W Unity   : UnityEngine.Rigidbody:set_velocity(Vector3)
06-05 00:07:34.958 31030 15051 W Unity   : 
06-05 00:07:34.958 31030 15051 W Unity   : [ line 270584168]
06-05 00:07:34.963 31030 15051 W Unity   : Setting linear velocity of a kinematic body is not supported.
06-05 00:07:34.963 31030 15051 W Unity   : PhysicCharacter:FixedUpdate()
06-05 00:07:34.963 31030 15051 W Unity   : FightCharacter:FixedUpdate()
06-05 00:07:34.963 31030 15051 W Unity   : UnityEngine.Rigidbody:set_velocity(Vector3)
06-05 00:07:34.963 31030 15051 W Unity   : 
06-05 00:07:34.963 31030 15051 W Unity   : [ line 270584168]
06-05 00:07:35.019 31030 15051 W Unity   : Setting linear velocity of a kinematic body is not supported.
06-05 00:07:35.019 31030 15051 W Unity   : PhysicCharacter:FixedUpdate()
06-05 00:07:35.019 31030 15051 W Unity   : FightCharacter:FixedUpdate()
06-05 00:07:35.019 31030 15051 W Unity   : UnityEngine.Rigidbody:set_velocity(Vector3)
06-05 00:07:35.019 31030 15051 W Unity   : 
06-05 00:07:35.019 31030 15051 W Unity   : [ line 270584168]
06-05 00:07:35.021 31030 15051 W Unity   : Setting linear velocity of a kinematic body is not supported.
06-05 00:07:35.021 31030 15051 W Unity   : PhysicCharacter:FixedUpdate()
06-05 00:07:35.021 31030 15051 W Unity   : FightCharacter:FixedUpdate()
06-05 00:07:35.021 31030 15051 W Unity   : UnityEngine.Rigidbody:set_velocity(Vector3)
06-05 00:07:35.021 31030 15051 W Unity   : 
06-05 00:07:35.021 31030 15051 W Unity   : [ line 270584168]
06-05 00:07:35.022 31030 15051 W Unity   : Setting linear velocity of a kinematic body is not supported.
06-05 00:07:35.022 31030 15051 W Unity   : PhysicCharacter:FixedUpdate()
06-05 00:07:35.022 31030 15051 W Unity   : FightCharacter:FixedUpdate()
06-05 00:07:35.022 31030 15051 W Unity   : UnityEngine.Rigidbody:set_velocity(Vector3)
06-05 00:07:35.022 31030 15051 W Unity   : 
06-05 00:07:35.022 31030 15051 W Unity   : [ line 270584168]
06-05 00:07:35.023 31030 15051 W Unity   : Setting linear velocity of a kinematic body is not supported.
06-05 00:07:35.023 31030 15051 W Unity   : PhysicCharacter:FixedUpdate()
06-05 00:07:35.023 31030 15051 W Unity   : FightCharacter:FixedUpdate()
06-05 00:07:35.023 31030 15051 W Unity   : UnityEngine.Rigidbody:set_velocity(Vector3)
06-05 00:07:35.023 31030 15051 W Unity   : 
06-05 00:07:35.023 31030 15051 W Unity   : [ line 270584168]
06-05 00:07:35.068 31030 18669 W liteav  : [W][06-05/00:07:35.068+5.5][31030,18688][audio_io_watchdog.cc:238][audio_log][audio-io]Audio total data size is under threshold: 0.08 expect is 2202, real is 1920, type is recorder , sample rate: 16000, channels: 1
06-05 00:07:35.069 31030 15051 W Unity   : Setting linear velocity of a kinematic body is not supported.
06-05 00:07:35.069 31030 15051 W Unity   : PhysicCharacter:FixedUpdate()
06-05 00:07:35.069 31030 15051 W Unity   : FightCharacter:FixedUpdate()
06-05 00:07:35.069 31030 15051 W Unity   : UnityEngine.Rigidbody:set_velocity(Vector3)
06-05 00:07:35.069 31030 15051 W Unity   : 
06-05 00:07:35.069 31030 15051 W Unity   : [ line 270584168]
06-05 00:07:35.071 31030 15051 W Unity   : Setting linear velocity of a kinematic body is not supported.
06-05 00:07:35.071 31030 15051 W Unity   : PhysicCharacter:FixedUpdate()
06-05 00:07:35.071 31030 15051 W Unity   : FightCharacter:FixedUpdate()
06-05 00:07:35.071 31030 15051 W Unity   : UnityEngine.Rigidbody:set_velocity(Vector3)
06-05 00:07:35.071 31030 15051 W Unity   : 
06-05 00:07:35.071 31030 15051 W Unity   : [ line 270584168]
06-05 00:07:35.103 31030 15051 W Unity   : Setting linear velocity of a kinematic body is not supported.
06-05 00:07:35.103 31030 15051 W Unity   : PhysicCharacter:FixedUpdate()
06-05 00:07:35.103 31030 15051 W Unity   : FightCharacter:FixedUpdate()
06-05 00:07:35.103 31030 15051 W Unity   : UnityEngine.Rigidbody:set_velocity(Vector3)
06-05 00:07:35.103 31030 15051 W Unity   : 
06-05 00:07:35.103 31030 15051 W Unity   : [ line 270584168]
06-05 00:07:35.105 31030 15051 W Unity   : Setting linear velocity of a kinematic body is not supported.
06-05 00:07:35.105 31030 15051 W Unity   : PhysicCharacter:FixedUpdate()
06-05 00:07:35.105 31030 15051 W Unity   : FightCharacter:FixedUpdate()
06-05 00:07:35.105 31030 15051 W Unity   : UnityEngine.Rigidbody:set_velocity(Vector3)
06-05 00:07:35.105 31030 15051 W Unity   : 
06-05 00:07:35.105 31030 15051 W Unity   : [ line 270584168]
06-05 00:07:35.137 31030 15051 W Unity   : Setting linear velocity of a kinematic body is not supported.
06-05 00:07:35.137 31030 15051 W Unity   : PhysicCharacter:FixedUpdate()
06-05 00:07:35.137 31030 15051 W Unity   : FightCharacter:FixedUpdate()
06-05 00:07:35.137 31030 15051 W Unity   : UnityEngine.Rigidbody:set_velocity(Vector3)
06-05 00:07:35.137 31030 15051 W Unity   : 
06-05 00:07:35.137 31030 15051 W Unity   : [ line 270584168]
06-05 00:07:35.139 31030 15051 W Unity   : Setting linear velocity of a kinematic body is not supported.
06-05 00:07:35.139 31030 15051 W Unity   : PhysicCharacter:FixedUpdate()
06-05 00:07:35.139 31030 15051 W Unity   : FightCharacter:FixedUpdate()
06-05 00:07:35.139 31030 15051 W Unity   : UnityEngine.Rigidbody:set_velocity(Vector3)
06-05 00:07:35.139 31030 15051 W Unity   : 
06-05 00:07:35.139 31030 15051 W Unity   : [ line 270584168]
06-05 00:07:35.140 31030 18669 I liteav  : [I][06-05/00:07:35.140+5.5][31030,18680][extension_center.cc:76][1:9440]Notify to extension: AudioSpatialEffectorExt. api call event: kUpdateAudioSpatialEffectorConfig
06-05 00:07:35.169 31030 15051 W Unity   : Setting linear velocity of a kinematic body is not supported.
06-05 00:07:35.169 31030 15051 W Unity   : PhysicCharacter:FixedUpdate()
06-05 00:07:35.169 31030 15051 W Unity   : FightCharacter:FixedUpdate()
06-05 00:07:35.169 31030 15051 W Unity   : UnityEngine.Rigidbody:set_velocity(Vector3)
06-05 00:07:35.169 31030 15051 W Unity   : 
06-05 00:07:35.169 31030 15051 W Unity   : [ line 270584168]
06-05 00:07:35.206 31030 15051 W Unity   : Setting linear velocity of a kinematic body is not supported.
06-05 00:07:35.206 31030 15051 W Unity   : PhysicCharacter:FixedUpdate()
06-05 00:07:35.206 31030 15051 W Unity   : FightCharacter:FixedUpdate()
06-05 00:07:35.206 31030 15051 W Unity   : UnityEngine.Rigidbody:set_velocity(Vector3)
06-05 00:07:35.206 31030 15051 W Unity   : 
06-05 00:07:35.206 31030 15051 W Unity   : [ line 270584168]
06-05 00:07:35.211 31030 15051 W Unity   : Setting linear velocity of a kinematic body is not supported.
06-05 00:07:35.211 31030 15051 W Unity   : PhysicCharacter:FixedUpdate()
06-05 00:07:35.211 31030 15051 W Unity   : FightCharacter:FixedUpdate()
06-05 00:07:35.211 31030 15051 W Unity   : UnityEngine.Rigidbody:set_velocity(Vector3)
06-05 00:07:35.211 31030 15051 W Unity   : 
06-05 00:07:35.211 31030 15051 W Unity   : [ line 270584168]
06-05 00:07:35.246 31030 15051 W Unity   : Setting linear velocity of a kinematic body is not supported.
06-05 00:07:35.246 31030 15051 W Unity   : PhysicCharacter:FixedUpdate()
06-05 00:07:35.246 31030 15051 W Unity   : FightCharacter:FixedUpdate()
06-05 00:07:35.246 31030 15051 W Unity   : UnityEngine.Rigidbody:set_velocity(Vector3)
06-05 00:07:35.246 31030 15051 W Unity   : 
06-05 00:07:35.246 31030 15051 W Unity   : [ line 270584168]
06-05 00:07:35.250 31030 15051 W Unity   : Setting linear velocity of a kinematic body is not supported.
06-05 00:07:35.250 31030 15051 W Unity   : PhysicCharacter:FixedUpdate()
06-05 00:07:35.250 31030 15051 W Unity   : FightCharacter:FixedUpdate()
06-05 00:07:35.250 31030 15051 W Unity   : UnityEngine.Rigidbody:set_velocity(Vector3)
06-05 00:07:35.250 31030 15051 W Unity   : 
06-05 00:07:35.250 31030 15051 W Unity   : [ line 270584168]
06-05 00:07:35.416 31030 14870 I imsdk   : TIM: |-login.cpp:533                           RequestHeartbeat                        |send heartbeat request
06-05 00:07:35.472 31030 14940 I xcrash  : trace fast callback time: 1780598255472
06-05 00:07:35.569 31030 14870 I imsdk   : TIM: |-login.cpp:574                           HandleHeartbeatResponse                 |receive heartbeat response|client_address:**************:48058|heartbeat_interval:120|sync_timestamp:1780598256
--------- tail end of log system (/system/bin/logcat -b system -d -v threadtime -t 50 --pid 31030 *:W)
--------- tail end of log events (/system/bin/logcat -b events -d -v threadtime -t 50 --pid 31030 *:I)
--------- beginning of events
06-05 00:06:02.171 31030 31030 I wm_on_resume_called: [140750651,com.android.billingclient.api.ProxyBillingActivity,RESUME_ACTIVITY,1]
06-05 00:06:02.183 31030 31030 I wm_on_top_resumed_gained_called: [140750651,com.android.billingclient.api.ProxyBillingActivity,topStateChangedWhenResumed]
06-05 00:06:02.212 31030 31030 I viewroot_draw_event: [VRI[ProxyBillingActivity],reportDrawFinished seqId=0]
06-05 00:06:02.213 31030 31030 I wm_on_top_resumed_lost_called: [140750651,com.android.billingclient.api.ProxyBillingActivity,topStateChangedWhenResumed]
06-05 00:06:02.214 31030 31030 I wm_on_paused_called: [140750651,com.android.billingclient.api.ProxyBillingActivity,performPause,0]
06-05 00:06:02.279 31030 31030 I viewroot_draw_event: [VRI[ProxyBillingActivity],reportDrawFinished seqId=0]
06-05 00:06:02.282 31030 15104 I jank_cuj_events_cancel_request: [80,1780598162281159000,7136450759424,7136450759732]
06-05 00:06:02.282 31030 15104 I jank_cuj_events_end_request: [80,1780598162281225000,7136450821886,7136450821963]
06-05 00:06:02.282 31030 15104 I jank_cuj_events_begin_request: [81,1780598162282722000,7136452321578,7136452321886,1@************************]
06-05 00:06:02.482 31030 15104 I jank_cuj_events_cancel_request: [81,1780598162482134000,7136651731732,7136651732039]
06-05 00:06:02.482 31030 15104 I jank_cuj_events_end_request: [81,1780598162482162000,7136651759116,7136651759193]
06-05 00:06:16.768 31030 31030 I viewroot_draw_event: [VRI[PopupWindow:1b1377b],Not drawing due to not visible. Reason=!mAppVisible && !mForceDecorViewVisibility]
06-05 00:06:16.849 31030 31030 I viewroot_draw_event: [VRI[MainActivity],applyTransactionOnDraw applyImmediately]
06-05 00:06:16.867 31030 31030 I viewroot_draw_event: [VRI[MainActivity],applyTransactionOnDraw applyImmediately]
06-05 00:06:16.869 31030 31030 I viewroot_draw_event: [VRI[MainActivity],Not drawing due to not visible. Reason=!mAppVisible && !mForceDecorViewVisibility]
06-05 00:06:16.935 31030 31030 I viewroot_draw_event: [VRI[ProxyBillingActivity],Not drawing due to not visible. Reason=!mAppVisible && !mForceDecorViewVisibility]
06-05 00:06:16.952 31030 31030 I wm_on_stop_called: [140750651,com.android.billingclient.api.ProxyBillingActivity,STOP_ACTIVITY_ITEM,7]
06-05 00:06:17.029 31030 31030 I wm_on_stop_called: [236435254,com.newlang.meta.main.MainActivity,STOP_ACTIVITY_ITEM,68]
06-05 00:06:17.078 31030 31030 I viewroot_draw_event: [VRI[MainActivity],applyTransactionOnDraw applyImmediately]
06-05 00:06:29.322 31030 31030 I viewroot_draw_event: [VRI[PopupWindow:1b1377b],Start draw after previous draw not visible]
06-05 00:06:29.324 31030 31030 I viewroot_draw_event: [VRI[PopupWindow:1b1377b],reportDrawFinished seqId=0]
06-05 00:06:29.327 31030 31030 I wm_on_restart_called: [140750651,com.android.billingclient.api.ProxyBillingActivity,performRestart,0]
06-05 00:06:29.329 31030 31030 I wm_on_start_called: [140750651,com.android.billingclient.api.ProxyBillingActivity,handleStartActivity,2]
06-05 00:06:29.331 31030 31030 I wm_on_restart_called: [236435254,com.newlang.meta.main.MainActivity,performRestart,0]
06-05 00:06:29.332 31030 31030 I wm_on_start_called: [236435254,com.newlang.meta.main.MainActivity,handleStartActivity,1]
06-05 00:06:29.380 31030 31030 I viewroot_draw_event: [VRI[ProxyBillingActivity],Start draw after previous draw not visible]
06-05 00:06:29.460 31030 31030 I viewroot_draw_event: [VRI[ProxyBillingActivity],reportDrawFinished seqId=0]
06-05 00:06:29.460 31030 31030 I viewroot_draw_event: [VRI[MainActivity],applyTransactionOnDraw applyImmediately]
06-05 00:06:29.499 31030 31030 I viewroot_draw_event: [VRI[MainActivity],Start draw after previous draw not visible]
06-05 00:06:29.545 31030 31030 I viewroot_draw_event: [VRI[MainActivity],reportDrawFinished seqId=0]
06-05 00:06:35.981 31030 31030 I wm_on_activity_result_called: [140750651,com.android.billingclient.api.ProxyBillingActivity,ACTIVITY_RESULT]
06-05 00:06:36.045 31030 31030 I wm_on_resume_called: [236435254,com.newlang.meta.main.MainActivity,RESUME_ACTIVITY,20]
06-05 00:06:36.047 31030 31030 I wm_on_top_resumed_gained_called: [236435254,com.newlang.meta.main.MainActivity,topWhenResuming]
06-05 00:06:36.109 31030 31030 I wm_on_stop_called: [140750651,com.android.billingclient.api.ProxyBillingActivity,LIFECYCLER_STOP_ACTIVITY,1]
06-05 00:06:36.118 31030 31030 I wm_on_destroy_called: [140750651,com.android.billingclient.api.ProxyBillingActivity,performDestroy,3]
06-05 00:06:36.357 31030 15104 I jank_cuj_events_end_request: [81,1780598196357330000,7170526930503,7170526930811]
06-05 00:06:48.134 31030 15104 I jank_cuj_events_begin_request: [81,1780598208133416000,7182303015196,7182303015504,1@************************]
06-05 00:06:48.181 31030 31030 I viewroot_draw_event: [VRI[MainActivity],reportDrawFinished seqId=3]
06-05 00:06:48.242 31030 31030 I viewroot_draw_event: [VRI[MainActivity],reportDrawFinished seqId=3]
06-05 00:06:48.255 31030 31030 I viewroot_draw_event: [VRI[PopupWindow:f4b499d],reportDrawFinished seqId=0]
06-05 00:06:48.286 31030 31030 I viewroot_draw_event: [VRI[MainActivity],reportDrawFinished seqId=3]
06-05 00:06:48.510 31030 15104 I jank_cuj_events_end_request: [81,1780598208510545000,7182680145965,7182680146504]
06-05 00:06:49.450 31030 31030 I viewroot_draw_event: [VRI[MainActivity],reportDrawFinished seqId=4]
06-05 00:06:49.466 31030 31030 I viewroot_draw_event: [VRI[PopupWindow:f4b499d],reportDrawFinished seqId=1]
06-05 00:06:51.931 31030 31030 I viewroot_draw_event: [VRI[MainActivity],reportDrawFinished seqId=5]
06-05 00:06:51.941 31030 31030 I viewroot_draw_event: [VRI[PopupWindow:f4b499d],reportDrawFinished seqId=2]
06-05 00:07:00.222 31030 15104 I jank_cuj_events_begin_request: [81,1780598220222753000,7194392355504,7194392355735,1@************************]
06-05 00:07:00.480 31030 15104 I jank_cuj_events_end_request: [81,1780598220480029000,7194649629351,7194649629658]
06-05 00:07:26.287 31030 15104 I jank_cuj_events_begin_request: [81,1780598246286399000,7220455996352,7220455996429,1@************************]
06-05 00:07:26.543 31030 15104 I jank_cuj_events_end_request: [81,1780598246542069000,7220711666814,7220711666891]

open files:
    fd 0: /dev/null
    fd 1: /dev/null
    fd 2: /dev/null
    fd 3: /storage/emulated/0/Android/data/com.newlang.weelife.in/files/LocalCache/Base/Sound/Audio_PR1022_BGM_001.unity3d
    fd 4: /sys/kernel/tracing/trace_marker
    fd 5: socket:[2451840]
    fd 6: /apex/com.android.art/javalib/core-oj.jar
    fd 7: /apex/com.android.art/javalib/core-libart.jar
    fd 8: /apex/com.android.art/javalib/okhttp.jar
    fd 9: /apex/com.android.art/javalib/bouncycastle.jar
    fd 10: /apex/com.android.art/javalib/apache-xml.jar
    fd 11: /system/framework/framework.jar
    fd 12: /system/framework/framework-graphics.jar
    fd 13: /system/framework/framework-location.jar
    fd 14: /system/framework/ext.jar
    fd 15: /system/framework/telephony-common.jar
    fd 16: /system/framework/voip-common.jar
    fd 17: /system/framework/ims-common.jar
    fd 18: /system/framework/framework-nfc.jar
    fd 19: /system/framework/vivo-framework.jar
    fd 20: /system/framework/vivo-media.jar
    fd 21: /system/framework/framework-adapter.jar
    fd 22: /system/framework/soc-framework.jar
    fd 23: /system/framework/vivo-vgcclient.jar
    fd 24: /system/framework/vivo-coworkclient.jar
    fd 25: /system_ext/framework/mediatek-common.jar
    fd 26: /system_ext/framework/mediatek-framework.jar
    fd 27: /system_ext/framework/mediatek-ims-base.jar
    fd 28: /dev/null
    fd 29: socket:[2374082]
    fd 30: /system_ext/framework/mediatek-telecom-common.jar
    fd 31: /apex/com.android.i18n/javalib/core-icu4j.jar
    fd 32: /apex/com.android.adservices/javalib/framework-adservices.jar
    fd 33: /apex/com.android.adservices/javalib/framework-sdksandbox.jar
    fd 34: /apex/com.android.appsearch/javalib/framework-appsearch.jar
    fd 35: /apex/com.android.btservices/javalib/framework-bluetooth.jar
    fd 36: /apex/com.android.configinfrastructure/javalib/framework-configinfrastructure.jar
    fd 37: /apex/com.android.conscrypt/javalib/conscrypt.jar
    fd 38: /apex/com.android.devicelock/javalib/framework-devicelock.jar
    fd 39: /apex/com.android.healthfitness/javalib/framework-healthfitness.jar
    fd 40: /apex/com.android.ipsec/javalib/android.net.ipsec.ike.jar
    fd 41: /apex/com.android.media/javalib/updatable-media.jar
    fd 42: /apex/com.android.mediaprovider/javalib/framework-mediaprovider.jar
    fd 43: /apex/com.android.mediaprovider/javalib/framework-pdf.jar
    fd 44: /apex/com.android.mediaprovider/javalib/framework-pdf-v.jar
    fd 45: /apex/com.android.mediaprovider/javalib/framework-photopicker.jar
    fd 46: /apex/com.android.ondevicepersonalization/javalib/framework-ondevicepersonalization.jar
    fd 47: /apex/com.android.os.statsd/javalib/framework-statsd.jar
    fd 48: /apex/com.android.permission/javalib/framework-permission.jar
    fd 49: /apex/com.android.permission/javalib/framework-permission-s.jar
    fd 50: /apex/com.android.profiling/javalib/framework-profiling.jar
    fd 51: /apex/com.android.scheduling/javalib/framework-scheduling.jar
    fd 52: /apex/com.android.sdkext/javalib/framework-sdkextensions.jar
    fd 53: /apex/com.android.tethering/javalib/framework-connectivity.jar
    fd 54: /apex/com.android.tethering/javalib/framework-connectivity-t.jar
    fd 55: /apex/com.android.tethering/javalib/framework-tethering.jar
    fd 56: /apex/com.android.uwb/javalib/framework-uwb.jar
    fd 57: /apex/com.android.virt/javalib/framework-virtualization.jar
    fd 58: /apex/com.android.wifi/javalib/framework-wifi.jar
    fd 59: /dev/null
    fd 60: /dev/urandom
    fd 61: /system/framework/framework-res.apk
    fd 62: /system/framework/vivo-res.apk
    fd 63: /data/resource-cache/vendor@overlay@FrameworkResOverlay@FrameworkResOverlay.apk@idmap
    fd 64: /vendor/overlay/FrameworkResOverlay/FrameworkResOverlay.apk
    fd 65: /data/resource-cache/vendor@overlay@FrameworkResOverlayExt@FrameworkResOverlayExt.apk@idmap
    fd 66: /vendor/overlay/FrameworkResOverlayExt/FrameworkResOverlayExt.apk
    fd 67: /data/resource-cache/vendor@overlay@VivoFrameworksResRRO.apk@idmap
    fd 68: /vendor/overlay/VivoFrameworksResRRO.apk
    fd 69: /data/resource-cache/product@overlay@CaptivePortalLoginFrameworkOverlay.apk@idmap
    fd 70: /product/overlay/CaptivePortalLoginFrameworkOverlay.apk
    fd 71: /data/resource-cache/product@overlay@GmsConfigOverlayASI.apk@idmap
    fd 72: /product/overlay/GmsConfigOverlayASI.apk
    fd 73: /data/resource-cache/product@overlay@GmsConfigOverlayComms.apk@idmap
    fd 74: /product/overlay/GmsConfigOverlayComms.apk
    fd 75: /data/resource-cache/product@overlay@GmsConfigOverlayCtS.apk@idmap
    fd 76: /product/overlay/GmsConfigOverlayCtS.apk
    fd 77: /data/resource-cache/product@overlay@GmsConfigOverlayGSA.apk@idmap
    fd 78: /product/overlay/GmsConfigOverlayGSA.apk
    fd 79: /data/resource-cache/product@overlay@GmsConfigOverlayGeotz.apk@idmap
    fd 80: /product/overlay/GmsConfigOverlayGeotz.apk
    fd 81: /data/resource-cache/product@overlay@GmsConfigOverlayPhotos.apk@idmap
    fd 82: /product/overlay/GmsConfigOverlayPhotos.apk
    fd 83: /data/resource-cache/product@overlay@GmsConfigOverlaySearchSelector.apk@idmap
    fd 84: /product/overlay/GmsConfigOverlaySearchSelector.apk
    fd 85: /data/resource-cache/product@overlay@GoogleExtServicesConfigOverlay.apk@idmap
    fd 86: /product/overlay/GoogleExtServicesConfigOverlay.apk
    fd 87: /data/resource-cache/product@overlay@GoogleHealthFitnessFrameworkOverlay.apk@idmap
    fd 88: /product/overlay/GoogleHealthFitnessFrameworkOverlay.apk
    fd 89: /data/resource-cache/product@overlay@GooglePermissionControllerFrameworkOverlay.apk@idmap
    fd 90: /product/overlay/GooglePermissionControllerFrameworkOverlay.apk
    fd 91: /data/resource-cache/product@overlay@ModuleMetadataGoogleOverlay.apk@idmap
    fd 92: /product/overlay/ModuleMetadataGoogleOverlay.apk
