*** *** *** *** *** *** *** *** *** *** *** *** *** *** *** ***
Tombstone maker: 'xCrash 3.1.0'
Crash type: 'anr'
Start time: '2026-06-05T00:05:34.234+051800'
Crash time: '2026-06-05T00:07:35.472+051800'
App ID: 'com.newlang.weelife.in'
App version: '1.109.0.0.47527'
Rooted: 'No'
API level: '35'
OS version: '15'
Kernel version: 'Linux version 4.19.236+ #1 SMP PREEMPT Wed May 7 20:40:16 CST 2025 (aarch64)'
ABI list: 'arm64-v8a,armeabi-v7a,armeabi'
Manufacturer: 'vivo'
Brand: 'vivo'
Model: 'V2202'
Build fingerprint: 'vivo/V2202/V2202:15/AP3A.240905.015.A2_SC/compiler250507201049:user/release-keys'
ABI: 'arm64'
pid: 31030  >>> com.newlang.weelife.in <<<

--- --- --- --- --- --- --- --- --- --- --- --- --- --- --- ---
Cmd line: com.newlang.weelife.in
Mode: ART DumpForSigQuit
Failed to load symbols.

+++ +++ +++ +++ +++ +++ +++ +++ +++ +++ +++ +++ +++ +++ +++ +++

logcat:
--------- tail end of log main (/system/bin/logcat -b main -d -v threadtime -t 200 --pid 31030 *:D)
--------- beginning of main
06-05 00:07:31.427 31030 15051 W Unity   : Setting linear velocity of a kinematic body is not supported.
06-05 00:07:31.427 31030 15051 W Unity   : PhysicCharacter:FixedUpdate()
06-05 00:07:31.427 31030 15051 W Unity   : FightCharacter:FixedUpdate()
06-05 00:07:31.427 31030 15051 W Unity   : UnityEngine.Rigidbody:set_velocity(Vector3)
06-05 00:07:31.427 31030 15051 W Unity   : 
06-05 00:07:31.427 31030 15051 W Unity   : [ line 270584168]
06-05 00:07:31.428 31030 15051 W Unity   : Setting linear velocity of a kinematic body is not supported.
06-05 00:07:31.428 31030 15051 W Unity   : PhysicCharacter:FixedUpdate()
06-05 00:07:31.428 31030 15051 W Unity   : FightCharacter:FixedUpdate()
06-05 00:07:31.428 31030 15051 W Unity   : UnityEngine.Rigidbody:set_velocity(Vector3)
06-05 00:07:31.428 31030 15051 W Unity   : 
06-05 00:07:31.428 31030 15051 W Unity   : [ line 270584168]
06-05 00:07:31.429 31030 18669 I liteav  : [I][06-05/00:07:31.429+5.5][31030,18680][extension_center.cc:76][1:9440]Notify to extension: AudioSpatialEffectorExt. api call event: kUpdateAudioSpatialEffectorConfig
06-05 00:07:31.465 31030 15051 W Unity   : Setting linear velocity of a kinematic body is not supported.
06-05 00:07:31.465 31030 15051 W Unity   : PhysicCharacter:FixedUpdate()
06-05 00:07:31.465 31030 15051 W Unity   : FightCharacter:FixedUpdate()
06-05 00:07:31.465 31030 15051 W Unity   : UnityEngine.Rigidbody:set_velocity(Vector3)
06-05 00:07:31.465 31030 15051 W Unity   : 
06-05 00:07:31.465 31030 15051 W Unity   : [ line 270584168]
06-05 00:07:31.466 31030 15051 W Unity   : Setting linear velocity of a kinematic body is not supported.
06-05 00:07:31.466 31030 15051 W Unity   : PhysicCharacter:FixedUpdate()
06-05 00:07:31.466 31030 15051 W Unity   : FightCharacter:FixedUpdate()
06-05 00:07:31.466 31030 15051 W Unity   : UnityEngine.Rigidbody:set_velocity(Vector3)
06-05 00:07:31.466 31030 15051 W Unity   : 
06-05 00:07:31.466 31030 15051 W Unity   : [ line 270584168]
06-05 00:07:31.493 31030 15051 W Unity   : Setting linear velocity of a kinematic body is not supported.
06-05 00:07:31.493 31030 15051 W Unity   : PhysicCharacter:FixedUpdate()
06-05 00:07:31.493 31030 15051 W Unity   : FightCharacter:FixedUpdate()
06-05 00:07:31.493 31030 15051 W Unity   : UnityEngine.Rigidbody:set_velocity(Vector3)
06-05 00:07:31.493 31030 15051 W Unity   : 
06-05 00:07:31.493 31030 15051 W Unity   : [ line 270584168]
06-05 00:07:31.530 31030 15051 W Unity   : Setting linear velocity of a kinematic body is not supported.
06-05 00:07:31.530 31030 15051 W Unity   : PhysicCharacter:FixedUpdate()
06-05 00:07:31.530 31030 15051 W Unity   : FightCharacter:FixedUpdate()
06-05 00:07:31.530 31030 15051 W Unity   : UnityEngine.Rigidbody:set_velocity(Vector3)
06-05 00:07:31.530 31030 15051 W Unity   : 
06-05 00:07:31.530 31030 15051 W Unity   : [ line 270584168]
06-05 00:07:31.532 31030 15051 W Unity   : Setting linear velocity of a kinematic body is not supported.
06-05 00:07:31.532 31030 15051 W Unity   : PhysicCharacter:FixedUpdate()
06-05 00:07:31.532 31030 15051 W Unity   : FightCharacter:FixedUpdate()
06-05 00:07:31.532 31030 15051 W Unity   : UnityEngine.Rigidbody:set_velocity(Vector3)
06-05 00:07:31.532 31030 15051 W Unity   : 
06-05 00:07:31.532 31030 15051 W Unity   : [ line 270584168]
06-05 00:07:31.560 31030 15051 W Unity   : Setting linear velocity of a kinematic body is not supported.
06-05 00:07:31.560 31030 15051 W Unity   : PhysicCharacter:FixedUpdate()
06-05 00:07:31.560 31030 15051 W Unity   : FightCharacter:FixedUpdate()
06-05 00:07:31.560 31030 15051 W Unity   : UnityEngine.Rigidbody:set_velocity(Vector3)
06-05 00:07:31.560 31030 15051 W Unity   : 
06-05 00:07:31.560 31030 15051 W Unity   : [ line 270584168]
06-05 00:07:31.562 31030 15051 W Unity   : Setting linear velocity of a kinematic body is not supported.
06-05 00:07:31.562 31030 15051 W Unity   : PhysicCharacter:FixedUpdate()
06-05 00:07:31.562 31030 15051 W Unity   : FightCharacter:FixedUpdate()
06-05 00:07:31.562 31030 15051 W Unity   : UnityEngine.Rigidbody:set_velocity(Vector3)
06-05 00:07:31.562 31030 15051 W Unity   : 
06-05 00:07:31.562 31030 15051 W Unity   : [ line 270584168]
06-05 00:07:31.595 31030 15051 W Unity   : Setting linear velocity of a kinematic body is not supported.
06-05 00:07:31.595 31030 15051 W Unity   : PhysicCharacter:FixedUpdate()
06-05 00:07:31.595 31030 15051 W Unity   : FightCharacter:FixedUpdate()
06-05 00:07:31.595 31030 15051 W Unity   : UnityEngine.Rigidbody:set_velocity(Vector3)
06-05 00:07:31.595 31030 15051 W Unity   : 
06-05 00:07:31.595 31030 15051 W Unity   : [ line 270584168]
06-05 00:07:31.600 31030 18669 I liteav  : [I][06-05/00:07:31.600+5.5][31030,18680][extension_center.cc:76][1:9440]Notify to extension: AudioSpatialEffectorExt. api call event: kUpdateAudioSpatialEffectorConfig
06-05 00:07:31.631 31030 15051 W Unity   : Setting linear velocity of a kinematic body is not supported.
06-05 00:07:31.631 31030 15051 W Unity   : PhysicCharacter:FixedUpdate()
06-05 00:07:31.631 31030 15051 W Unity   : FightCharacter:FixedUpdate()
06-05 00:07:31.631 31030 15051 W Unity   : UnityEngine.Rigidbody:set_velocity(Vector3)
06-05 00:07:31.631 31030 15051 W Unity   : 
06-05 00:07:31.631 31030 15051 W Unity   : [ line 270584168]
06-05 00:07:31.632 31030 15051 W Unity   : Setting linear velocity of a kinematic body is not supported.
06-05 00:07:31.632 31030 15051 W Unity   : PhysicCharacter:FixedUpdate()
06-05 00:07:31.632 31030 15051 W Unity   : FightCharacter:FixedUpdate()
06-05 00:07:31.632 31030 15051 W Unity   : UnityEngine.Rigidbody:set_velocity(Vector3)
06-05 00:07:31.632 31030 15051 W Unity   : 
06-05 00:07:31.632 31030 15051 W Unity   : [ line 270584168]
06-05 00:07:31.662 31030 15051 W Unity   : Setting linear velocity of a kinematic body is not supported.
06-05 00:07:31.662 31030 15051 W Unity   : PhysicCharacter:FixedUpdate()
06-05 00:07:31.662 31030 15051 W Unity   : FightCharacter:FixedUpdate()
06-05 00:07:31.662 31030 15051 W Unity   : UnityEngine.Rigidbody:set_velocity(Vector3)
06-05 00:07:31.662 31030 15051 W Unity   : 
06-05 00:07:31.662 31030 15051 W Unity   : [ line 270584168]
06-05 00:07:31.664 31030 15051 W Unity   : Setting linear velocity of a kinematic body is not supported.
06-05 00:07:31.664 31030 15051 W Unity   : PhysicCharacter:FixedUpdate()
06-05 00:07:31.664 31030 15051 W Unity   : FightCharacter:FixedUpdate()
06-05 00:07:31.664 31030 15051 W Unity   : UnityEngine.Rigidbody:set_velocity(Vector3)
06-05 00:07:31.664 31030 15051 W Unity   : 
06-05 00:07:31.664 31030 15051 W Unity   : [ line 270584168]
06-05 00:07:31.694 31030 15051 W Unity   : Setting linear velocity of a kinematic body is not supported.
06-05 00:07:31.694 31030 15051 W Unity   : PhysicCharacter:FixedUpdate()
06-05 00:07:31.694 31030 15051 W Unity   : FightCharacter:FixedUpdate()
06-05 00:07:31.694 31030 15051 W Unity   : UnityEngine.Rigidbody:set_velocity(Vector3)
06-05 00:07:31.694 31030 15051 W Unity   : 
06-05 00:07:31.694 31030 15051 W Unity   : [ line 270584168]
06-05 00:07:31.730 31030 15051 W Unity   : Setting linear velocity of a kinematic body is not supported.
06-05 00:07:31.730 31030 15051 W Unity   : PhysicCharacter:FixedUpdate()
06-05 00:07:31.730 31030 15051 W Unity   : FightCharacter:FixedUpdate()
06-05 00:07:31.730 31030 15051 W Unity   : UnityEngine.Rigidbody:set_velocity(Vector3)
06-05 00:07:31.730 31030 15051 W Unity   : 
06-05 00:07:31.730 31030 15051 W Unity   : [ line 270584168]
06-05 00:07:31.733 31030 15051 W Unity   : Setting linear velocity of a kinematic body is not supported.
06-05 00:07:31.733 31030 15051 W Unity   : PhysicCharacter:FixedUpdate()
06-05 00:07:31.733 31030 15051 W Unity   : FightCharacter:FixedUpdate()
06-05 00:07:31.733 31030 15051 W Unity   : UnityEngine.Rigidbody:set_velocity(Vector3)
06-05 00:07:31.733 31030 15051 W Unity   : 
06-05 00:07:31.733 31030 15051 W Unity   : [ line 270584168]
06-05 00:07:31.733 31030 18669 W liteav  : [W][06-05/00:07:31.733+5.5][31030,18672][thread_manager.cc:989]Load rate overload exception has been recovered. bizid=liteav_audio_api, queue=494728443480
06-05 00:07:31.733 31030 18669 I liteav  : [I][06-05/00:07:31.733+5.5][31030,18672][thread_manager.cc:911]Threads stats
06-05 00:07:31.733 31030 18669 I liteav  : {bizids, load_rate, avg_task_cost, avg_task_delay, task_count, reuse_count, max_task_cost, max_task_delay}:
06-05 00:07:31.733 31030 18669 I liteav  : 1_0_0_0_0_0=>
06-05 00:07:31.733 31030 18669 I liteav  : {0:, 0%, 0ms, 0ms, 154, 1, 3ms, 5ms}
06-05 00:07:31.733 31030 18669 I liteav  : 1_0_0_0_0_102=>
06-05 00:07:31.733 31030 18669 I liteav  : {102:, 0%, 0ms, 0ms, 122, 1, 3ms, 4ms}
06-05 00:07:31.733 31030 18669 I liteav  : 1_0_0_0_0_902=>
06-05 00:07:31.733 31030 18669 I liteav  : {902:, 0%, 0ms, 0ms, 21, 1, 1ms, 1ms}
06-05 00:07:31.733 31030 18669 I liteav  : 1_0_0_1_0_-1=>
06-05 00:07:31.733 31030 18669 I liteav  : {106:, 0%, 0ms, 0ms, 0, 1, 0ms, 0ms}
06-05 00:07:31.733 31030 18669 I liteav  : {107:, 0%, 0ms, 0ms, 0, 1, 0ms, 0ms}
06-05 00:07:31.733 31030 18669 I liteav  : 1_0_0_1_0_100=>
06-05 00:07:31.733 31030 18669 I liteav  : {100:, 6%, 22ms, 548ms, 6, 1, 1947ms, 1942ms}
06-05 00:07:31.733 31030 18669 I liteav  : 1_0_3_0_0_700=>
06-05 00:07:31.733 31030 18669 I liteav  : {700:, 0%, 0ms, 0ms, 0, 0, 0ms, 0ms}
06-05 00:07:31.733 31030 18669 I liteav  : 1_0_3_0_0_701=>
06-05 00:07:31.733 31030 18669 I liteav  : {701:, 0%, 0ms, 0ms, 6, 1, 0ms, 2ms}
06-05 00:07:31.733 31030 18669 I liteav  : 1_0_3_0_0_900=>
06-05 00:07:31.733 31030 18669 I liteav  : {900:, 0%, 0ms, 0ms, 99, 1, 1ms, 5ms}
06-05 00:07:31.733 31030 18669 I liteav  : 3_0_0_0_0_101=>
06-05 00:07:31.733 31030 18669 I liteav  : {101:, 1%, 0ms, 0ms, 121, 0, 2ms, 3ms}
06-05 00:07:31.734 31030 18669 W liteav  : [W][06-05/00:07:31.733+5.5][31030,18672][thread_manager.cc:940]Avg task delay exception occurs. bizid=liteav_audio_api, queue=494728443480, value=548, location=pc:0x0
06-05 00:07:31.734 31030 18669 I liteav  : [I][06-05/00:07:31.733+5.5][31030,18672][thread_manager.cc:911]Threads stats
06-05 00:07:31.734 31030 18669 I liteav  : {bizids, load_rate, avg_task_cost, avg_task_delay, task_count, reuse_count, max_task_cost, max_task_delay}:
06-05 00:07:31.734 31030 18669 I liteav  : 1_0_0_0_0_0=>
06-05 00:07:31.734 31030 18669 I liteav  : {0:, 0%, 0ms, 0ms, 154, 1, 3ms, 5ms}
06-05 00:07:31.734 31030 18669 I liteav  : 1_0_0_0_0_102=>
06-05 00:07:31.734 31030 18669 I liteav  : {102:, 0%, 0ms, 0ms, 122, 1, 3ms, 4ms}
06-05 00:07:31.734 31030 18669 I liteav  : 1_0_0_0_0_902=>
06-05 00:07:31.734 31030 18669 I liteav  : {902:, 0%, 0ms, 0ms, 21, 1, 1ms, 1ms}
06-05 00:07:31.734 31030 18669 I liteav  : 1_0_0_1_0_-1=>
06-05 00:07:31.734 31030 18669 I liteav  : {106:, 0%, 0ms, 0ms, 0, 1, 0ms, 0ms}
06-05 00:07:31.734 31030 18669 I liteav  : {107:, 0%, 0ms, 0ms, 0, 1, 0ms, 0ms}
06-05 00:07:31.734 31030 18669 I liteav  : 1_0_0_1_0_100=>
06-05 00:07:31.734 31030 18669 I liteav  : {100:, 6%, 22ms, 548ms, 6, 1, 1947ms, 1942ms}
06-05 00:07:31.734 31030 18669 I liteav  : 1_0_3_0_0_700=>
06-05 00:07:31.734 31030 18669 I liteav  : {700:, 0%, 0ms, 0ms, 0, 0, 0ms, 0ms}
06-05 00:07:31.734 31030 18669 I liteav  : 1_0_3_0_0_701=>
06-05 00:07:31.734 31030 18669 I liteav  : {701:, 0%, 0ms, 0ms, 6, 1, 0ms, 2ms}
06-05 00:07:31.734 31030 18669 I liteav  : 1_0_3_0_0_900=>
06-05 00:07:31.734 31030 18669 I liteav  : {900:, 0%, 0ms, 0ms, 99, 1, 1ms, 5ms}
06-05 00:07:31.734 31030 18669 I liteav  : 3_0_0_0_0_101=>
06-05 00:07:31.734 31030 18669 I liteav  : {101:, 1%, 0ms, 0ms, 121, 0, 2ms, 3ms}
06-05 00:07:31.734 31030 18669 W liteav  : [W][06-05/00:07:31.733+5.5][31030,18672][thread_manager.cc:940]Max task delay exception occurs. bizid=liteav_audio_api, queue=494728443480, value=1942, location=@../../audio/engine2/io_service/audio_io_watchdog.cc:73
06-05 00:07:31.734 31030 18669 I liteav  : [I][06-05/00:07:31.733+5.5][31030,18672][thread_manager.cc:911]Threads stats
06-05 00:07:31.734 31030 18669 I liteav  : {bizids, load_rate, avg_task_cost, avg_task_delay, task_count, reuse_count, max_task_cost, max_task_delay}:
06-05 00:07:31.734 31030 18669 I liteav  : 1_0_0_0_0_0=>
06-05 00:07:31.734 31030 18669 I liteav  : {0:, 0%, 0ms, 0ms, 154, 1, 3ms, 5ms}
06-05 00:07:31.734 31030 18669 I liteav  : 1_0_0_0_0_102=>
06-05 00:07:31.734 31030 18669 I liteav  : {102:, 0%, 0ms, 0ms, 122, 1, 3ms, 4ms}
06-05 00:07:31.734 31030 18669 I liteav  : 1_0_0_0_0_902=>
06-05 00:07:31.734 31030 18669 I liteav  : {902:, 0%, 0ms, 0ms, 21, 1, 1ms, 1ms}
06-05 00:07:31.734 31030 18669 I liteav  : 1_0_0_1_0_-1=>
06-05 00:07:31.734 31030 18669 I liteav  : {106:, 0%, 0ms, 0ms, 0, 1, 0ms, 0ms}
06-05 00:07:31.734 31030 18669 I liteav  : {107:, 0%, 0ms, 0ms, 0, 1, 0ms, 0ms}
06-05 00:07:31.734 31030 18669 I liteav  : 1_0_0_1_0_100=>
06-05 00:07:31.734 31030 18669 I liteav  : {100:, 6%, 22ms, 548ms, 6, 1, 1947ms, 1942ms}
06-05 00:07:31.734 31030 18669 I liteav  : 1_0_3_0_0_700=>
06-05 00:07:31.734 31030 18669 I liteav  : {700:, 0%, 0ms, 0ms, 0, 0, 0ms, 0ms}
06-05 00:07:31.734 31030 18669 I liteav  : 1_0_3_0_0_701=>
06-05 00:07:31.734 31030 18669 I liteav  : {701:, 0%, 0ms, 0ms, 6, 1, 0ms, 2ms}
06-05 00:07:31.734 31030 18669 I liteav  : 1_0_3_0_0_900=>
06-05 00:07:31.734 31030 18669 I liteav  : {900:, 0%, 0ms, 0ms, 99, 1, 1ms, 5ms}
06-05 00:07:31.734 31030 18669 I liteav  : 3_0_0_0_0_101=>
06-05 00:07:31.734 31030 18669 I liteav  : {101:, 1%, 0ms, 0ms, 121, 0, 2ms, 3ms}
06-05 00:07:31.768 31030 15051 W Unity   : Setting linear velocity of a kinematic body is not supported.
06-05 00:07:31.768 31030 15051 W Unity   : PhysicCharacter:FixedUpdate()
06-05 00:07:31.768 31030 15051 W Unity   : FightCharacter:FixedUpdate()
06-05 00:07:31.768 31030 15051 W Unity   : UnityEngine.Rigidbody:set_velocity(Vector3)
06-05 00:07:31.768 31030 15051 W Unity   : 
06-05 00:07:31.768 31030 15051 W Unity   : [ line 270584168]
06-05 00:07:31.775 31030 15051 W Unity   : Setting linear velocity of a kinematic body is not supported.
06-05 00:07:31.775 31030 15051 W Unity   : PhysicCharacter:FixedUpdate()
06-05 00:07:31.775 31030 15051 W Unity   : FightCharacter:FixedUpdate()
06-05 00:07:31.775 31030 15051 W Unity   : UnityEngine.Rigidbody:set_velocity(Vector3)
06-05 00:07:31.775 31030 15051 W Unity   : 
06-05 00:07:31.775 31030 15051 W Unity   : [ line 270584168]
06-05 00:07:31.778 31030 18669 I liteav  : [I][06-05/00:07:31.778+5.5][31030,18680][extension_center.cc:76][1:9440]Notify to extension: AudioSpatialEffectorExt. api call event: kUpdateAudioSpatialEffectorConfig
06-05 00:07:31.806 31030 15051 W Unity   : Setting linear velocity of a kinematic body is not supported.
06-05 00:07:31.806 31030 15051 W Unity   : PhysicCharacter:FixedUpdate()
06-05 00:07:31.806 31030 15051 W Unity   : FightCharacter:FixedUpdate()
06-05 00:07:31.806 31030 15051 W Unity   : UnityEngine.Rigidbody:set_velocity(Vector3)
06-05 00:07:31.806 31030 15051 W Unity   : 
06-05 00:07:31.806 31030 15051 W Unity   : [ line 270584168]
06-05 00:07:31.837 31030 15051 W Unity   : Setting linear velocity of a kinematic body is not supported.
06-05 00:07:31.837 31030 15051 W Unity   : PhysicCharacter:FixedUpdate()
06-05 00:07:31.837 31030 15051 W Unity   : FightCharacter:FixedUpdate()
06-05 00:07:31.837 31030 15051 W Unity   : UnityEngine.Rigidbody:set_velocity(Vector3)
06-05 00:07:31.837 31030 15051 W Unity   : 
06-05 00:07:31.837 31030 15051 W Unity   : [ line 270584168]
06-05 00:07:31.842 31030 15051 W Unity   : Setting linear velocity of a kinematic body is not supported.
06-05 00:07:31.842 31030 15051 W Unity   : PhysicCharacter:FixedUpdate()
06-05 00:07:31.842 31030 15051 W Unity   : FightCharacter:FixedUpdate()
06-05 00:07:31.842 31030 15051 W Unity   : UnityEngine.Rigidbody:set_velocity(Vector3)
06-05 00:07:31.842 31030 15051 W Unity   : 
06-05 00:07:31.842 31030 15051 W Unity   : [ line 270584168]
06-05 00:07:31.870 31030 15051 W Unity   : Setting linear velocity of a kinematic body is not supported.
06-05 00:07:31.870 31030 15051 W Unity   : PhysicCharacter:FixedUpdate()
06-05 00:07:31.870 31030 15051 W Unity   : FightCharacter:FixedUpdate()
06-05 00:07:31.870 31030 15051 W Unity   : UnityEngine.Rigidbody:set_velocity(Vector3)
06-05 00:07:31.870 31030 15051 W Unity   : 
06-05 00:07:31.870 31030 15051 W Unity   : [ line 270584168]
06-05 00:07:31.872 31030 15051 W Unity   : Setting linear velocity of a kinematic body is not supported.
06-05 00:07:31.872 31030 15051 W Unity   : PhysicCharacter:FixedUpdate()
06-05 00:07:31.872 31030 15051 W Unity   : FightCharacter:FixedUpdate()
06-05 00:07:31.872 31030 15051 W Unity   : UnityEngine.Rigidbody:set_velocity(Vector3)
06-05 00:07:31.872 31030 15051 W Unity   : 
06-05 00:07:31.872 31030 15051 W Unity   : [ line 270584168]
06-05 00:07:31.901 31030 15051 W Unity   : Setting linear velocity of a kinematic body is not supported.
06-05 00:07:31.901 31030 15051 W Unity   : PhysicCharacter:FixedUpdate()
06-05 00:07:31.901 31030 15051 W Unity   : FightCharacter:FixedUpdate()
06-05 00:07:31.901 31030 15051 W Unity   : UnityEngine.Rigidbody:set_velocity(Vector3)
06-05 00:07:31.901 31030 15051 W Unity   : 
06-05 00:07:31.901 31030 15051 W Unity   : [ line 270584168]
06-05 00:07:31.902 31030 15051 W Unity   : Setting linear velocity of a kinematic body is not supported.
06-05 00:07:31.902 31030 15051 W Unity   : PhysicCharacter:FixedUpdate()
06-05 00:07:31.902 31030 15051 W Unity   : FightCharacter:FixedUpdate()
06-05 00:07:31.902 31030 15051 W Unity   : UnityEngine.Rigidbody:set_velocity(Vector3)
06-05 00:07:31.902 31030 15051 W Unity   : 
06-05 00:07:31.902 31030 15051 W Unity   : [ line 270584168]
06-05 00:07:31.937 31030 15051 W Unity   : Setting linear velocity of a kinematic body is not supported.
06-05 00:07:31.937 31030 15051 W Unity   : PhysicCharacter:FixedUpdate()
06-05 00:07:31.937 31030 15051 W Unity   : FightCharacter:FixedUpdate()
06-05 00:07:31.937 31030 15051 W Unity   : UnityEngine.Rigidbody:set_velocity(Vector3)
06-05 00:07:31.937 31030 15051 W Unity   : 
06-05 00:07:31.937 31030 15051 W Unity   : [ line 270584168]
06-05 00:07:31.940 31030 18669 I liteav  : [I][06-05/00:07:31.940+5.5][31030,18680][extension_center.cc:76][1:9440]Notify to extension: AudioSpatialEffectorExt. api call event: kUpdateAudioSpatialEffectorConfig
06-05 00:07:31.969 31030 15051 W Unity   : Setting linear velocity of a kinematic body is not supported.
06-05 00:07:31.969 31030 15051 W Unity   : PhysicCharacter:FixedUpdate()
06-05 00:07:31.969 31030 15051 W Unity   : FightCharacter:FixedUpdate()
06-05 00:07:31.969 31030 15051 W Unity   : UnityEngine.Rigidbody:set_velocity(Vector3)
06-05 00:07:31.969 31030 15051 W Unity   : 
06-05 00:07:31.969 31030 15051 W Unity   : [ line 270584168]
06-05 00:07:31.970 31030 15051 W Unity   : Setting linear velocity of a kinematic body is not supported.
06-05 00:07:31.970 31030 15051 W Unity   : PhysicCharacter:FixedUpdate()
06-05 00:07:31.970 31030 15051 W Unity   : FightCharacter:FixedUpdate()
06-05 00:07:31.970 31030 15051 W Unity   : UnityEngine.Rigidbody:set_velocity(Vector3)
06-05 00:07:31.970 31030 15051 W Unity   : 
06-05 00:07:31.970 31030 15051 W Unity   : [ line 270584168]
06-05 00:07:32.002 31030 15051 W Unity   : Setting linear velocity of a kinematic body is not supported.
06-05 00:07:32.002 31030 15051 W Unity   : PhysicCharacter:FixedUpdate()
06-05 00:07:32.002 31030 15051 W Unity   : FightCharacter:FixedUpdate()
06-05 00:07:32.002 31030 15051 W Unity   : UnityEngine.Rigidbody:set_velocity(Vector3)
06-05 00:07:32.002 31030 15051 W Unity   : 
06-05 00:07:32.002 31030 15051 W Unity   : [ line 270584168]
06-05 00:07:32.006 31030 15051 W Unity   : Setting linear velocity of a kinematic body is not supported.
06-05 00:07:32.006 31030 15051 W Unity   : PhysicCharacter:FixedUpdate()
06-05 00:07:32.006 31030 15051 W Unity   : FightCharacter:FixedUpdate()
06-05 00:07:32.006 31030 15051 W Unity   : UnityEngine.Rigidbody:set_velocity(Vector3)
06-05 00:07:32.006 31030 15051 W Unity   : 
06-05 00:07:32.006 31030 15051 W Unity   : [ line 270584168]
06-05 00:07:32.037 31030 15051 W Unity   : Setting linear velocity of a kinematic body is not supported.
06-05 00:07:32.037 31030 15051 W Unity   : PhysicCharacter:FixedUpdate()
06-05 00:07:32.037 31030 15051 W Unity   : FightCharacter:FixedUpdate()
06-05 00:07:32.037 31030 15051 W Unity   : UnityEngine.Rigidbody:set_velocity(Vector3)
06-05 00:07:32.037 31030 15051 W Unity   : 
06-05 00:07:32.037 31030 15051 W Unity   : [ line 270584168]
06-05 00:07:32.070 31030 15051 W Unity   : Setting linear velocity of a kinematic body is not supported.
06-05 00:07:32.070 31030 15051 W Unity   : PhysicCharacter:FixedUpdate()
06-05 00:07:32.070 31030 15051 W Unity   : FightCharacter:FixedUpdate()
06-05 00:07:32.070 31030 15051 W Unity   : UnityEngine.Rigidbody:set_velocity(Vector3)
06-05 00:07:32.070 31030 15051 W Unity   : 
06-05 00:07:32.070 31030 15051 W Unity   : [ line 270584168]
06-05 00:07:32.072 31030 15051 W Unity   : Setting linear velocity of a kinematic body is not supported.
06-05 00:07:32.072 31030 15051 W Unity   : PhysicCharacter:FixedUpdate()
06-05 00:07:32.072 31030 15051 W Unity   : FightCharacter:FixedUpdate()
06-05 00:07:32.072 31030 15051 W Unity   : UnityEngine.Rigidbody:set_velocity(Vector3)
06-05 00:07:32.072 31030 15051 W Unity   : 
06-05 00:07:32.072 31030 15051 W Unity   : [ line 270584168]
06-05 00:07:32.104 31030 15051 W Unity   : Setting linear velocity of a kinematic body is not supported.
06-05 00:07:32.104 31030 15051 W Unity   : PhysicCharacter:FixedUpdate()
06-05 00:07:32.104 31030 15051 W Unity   : FightCharacter:FixedUpdate()
06-05 00:07:32.104 31030 15051 W Unity   : UnityEngine.Rigidbody:set_velocity(Vector3)
06-05 00:07:32.104 31030 15051 W Unity   : 
06-05 00:07:32.104 31030 15051 W Unity   : [ line 270584168]
06-05 00:07:32.106 31030 15051 W Unity   : Setting linear velocity of a kinematic body is not supported.
06-05 00:07:32.106 31030 15051 W Unity   : PhysicCharacter:FixedUpdate()
06-05 00:07:32.106 31030 15051 W Unity   : FightCharacter:FixedUpdate()
06-05 00:07:32.106 31030 15051 W Unity   : UnityEngine.Rigidbody:set_velocity(Vector3)
06-05 00:07:32.106 31030 15051 W Unity   : 
06-05 00:07:32.106 31030 15051 W Unity   : [ line 270584168]
06-05 00:07:32.107 31030 18669 I liteav  : [I][06-05/00:07:32.107+5.5][31030,18680][extension_center.cc:76][1:9440]Notify to extension: AudioSpatialEffectorExt. api call event: kUpdateAudioSpatialEffectorConfig
06-05 00:07:32.134 31030 15051 W Unity   : Setting linear velocity of a kinematic body is not supported.
06-05 00:07:32.134 31030 15051 W Unity   : PhysicCharacter:FixedUpdate()
06-05 00:07:32.134 31030 15051 W Unity   : FightCharacter:FixedUpdate()
06-05 00:07:32.134 31030 15051 W Unity   : UnityEngine.Rigidbody:set_velocity(Vector3)
06-05 00:07:32.134 31030 15051 W Unity   : 
06-05 00:07:32.134 31030 15051 W Unity   : [ line 270584168]
06-05 00:07:32.172 31030 15051 W Unity   : Setting linear velocity of a kinematic body is not supported.
06-05 00:07:32.172 31030 15051 W Unity   : PhysicCharacter:FixedUpdate()
06-05 00:07:32.172 31030 15051 W Unity   : FightCharacter:FixedUpdate()
06-05 00:07:32.172 31030 15051 W Unity   : UnityEngine.Rigidbody:set_velocity(Vector3)
06-05 00:07:32.172 31030 15051 W Unity   : 
06-05 00:07:32.172 31030 15051 W Unity   : [ line 270584168]
06-05 00:07:32.173 31030 15051 W Unity   : Setting linear velocity of a kinematic body is not supported.
06-05 00:07:32.173 31030 15051 W Unity   : PhysicCharacter:FixedUpdate()
06-05 00:07:32.173 31030 15051 W Unity   : FightCharacter:FixedUpdate()
06-05 00:07:32.173 31030 15051 W Unity   : UnityEngine.Rigidbody:set_velocity(Vector3)
06-05 00:07:32.173 31030 15051 W Unity   : 
06-05 00:07:32.173 31030 15051 W Unity   : [ line 270584168]
06-05 00:07:32.865 31030 18669 W liteav  : [W][06-05/00:07:32.865+5.5][31030,18688][audio_io_watchdog.cc:238][audio_log][audio-io]Audio total data size is under threshold: 0.2 expect is 2000, real is 456, type is recorder , sample rate: 16000, channels: 1
06-05 00:07:32.940 31030 15051 W Unity   : Setting linear velocity of a kinematic body is not supported.
06-05 00:07:32.940 31030 15051 W Unity   : PhysicCharacter:FixedUpdate()
06-05 00:07:32.940 31030 15051 W Unity   : FightCharacter:FixedUpdate()
06-05 00:07:32.940 31030 15051 W Unity   : UnityEngine.Rigidbody:set_velocity(Vector3)
06-05 00:07:32.940 31030 15051 W Unity   : 
06-05 00:07:32.940 31030 15051 W Unity   : [ line 270584168]
06-05 00:07:32.942 31030 15051 W Unity   : Setting linear velocity of a kinematic body is not supported.
06-05 00:07:32.942 31030 15051 W Unity   : PhysicCharacter:FixedUpdate()
06-05 00:07:32.942 31030 15051 W Unity   : FightCharacter:FixedUpdate()
06-05 00:07:32.942 31030 15051 W Unity   : UnityEngine.Rigidbody:set_velocity(Vector3)
06-05 00:07:32.942 31030 15051 W Unity   : 
06-05 00:07:32.942 31030 15051 W Unity   : [ line 270584168]
06-05 00:07:32.943 31030 15051 W Unity   : Setting linear velocity of a kinematic body is not supported.
06-05 00:07:32.943 31030 15051 W Unity   : PhysicCharacter:FixedUpdate()
06-05 00:07:32.943 31030 15051 W Unity   : FightCharacter:FixedUpdate()
06-05 00:07:32.943 31030 15051 W Unity   : UnityEngine.Rigidbody:set_velocity(Vector3)
06-05 00:07:32.943 31030 15051 W Unity   : 
06-05 00:07:32.943 31030 15051 W Unity   : [ line 270584168]
06-05 00:07:32.944 31030 15051 W Unity   : Setting linear velocity of a kinematic body is not supported.
06-05 00:07:32.944 31030 15051 W Unity   : PhysicCharacter:FixedUpdate()
06-05 00:07:32.944 31030 15051 W Unity   : FightCharacter:FixedUpdate()
06-05 00:07:32.944 31030 15051 W Unity   : UnityEngine.Rigidbody:set_velocity(Vector3)
06-05 00:07:32.944 31030 15051 W Unity   : 
06-05 00:07:32.944 31030 15051 W Unity   : [ line 270584168]
06-05 00:07:32.947 31030 15051 W Unity   : Setting linear velocity of a kinematic body is not supported.
06-05 00:07:32.947 31030 15051 W Unity   : PhysicCharacter:FixedUpdate()
06-05 00:07:32.947 31030 15051 W Unity   : FightCharacter:FixedUpdate()
06-05 00:07:32.947 31030 15051 W Unity   : UnityEngine.Rigidbody:set_velocity(Vector3)
06-05 00:07:32.947 31030 15051 W Unity   : 
06-05 00:07:32.947 31030 15051 W Unity   : [ line 270584168]
06-05 00:07:33.028 31030 15051 W Unity   : Setting linear velocity of a kinematic body is not supported.
06-05 00:07:33.028 31030 15051 W Unity   : PhysicCharacter:FixedUpdate()
06-05 00:07:33.028 31030 15051 W Unity   : FightCharacter:FixedUpdate()
06-05 00:07:33.028 31030 15051 W Unity   : UnityEngine.Rigidbody:set_velocity(Vector3)
06-05 00:07:33.028 31030 15051 W Unity   : 
06-05 00:07:33.028 31030 15051 W Unity   : [ line 270584168]
06-05 00:07:33.029 31030 15051 W Unity   : Setting linear velocity of a kinematic body is not supported.
06-05 00:07:33.029 31030 15051 W Unity   : PhysicCharacter:FixedUpdate()
06-05 00:07:33.029 31030 15051 W Unity   : FightCharacter:FixedUpdate()
06-05 00:07:33.029 31030 15051 W Unity   : UnityEngine.Rigidbody:set_velocity(Vector3)
06-05 00:07:33.029 31030 15051 W Unity   : 
06-05 00:07:33.029 31030 15051 W Unity   : [ line 270584168]
06-05 00:07:33.036 31030 15051 W Unity   : Setting linear velocity of a kinematic body is not supported.
06-05 00:07:33.036 31030 15051 W Unity   : PhysicCharacter:FixedUpdate()
06-05 00:07:33.036 31030 15051 W Unity   : FightCharacter:FixedUpdate()
06-05 00:07:33.036 31030 15051 W Unity   : UnityEngine.Rigidbody:set_velocity(Vector3)
06-05 00:07:33.036 31030 15051 W Unity   : 
06-05 00:07:33.036 31030 15051 W Unity   : [ line 270584168]
06-05 00:07:33.037 31030 15051 W Unity   : Setting linear velocity of a kinematic body is not supported.
06-05 00:07:33.037 31030 15051 W Unity   : PhysicCharacter:FixedUpdate()
06-05 00:07:33.037 31030 15051 W Unity   : FightCharacter:FixedUpdate()
06-05 00:07:33.037 31030 15051 W Unity   : UnityEngine.Rigidbody:set_velocity(Vector3)
06-05 00:07:33.037 31030 15051 W Unity   : 
06-05 00:07:33.037 31030 15051 W Unity   : [ line 270584168]
06-05 00:07:33.039 31030 15051 W Unity   : Setting linear velocity of a kinematic body is not supported.
06-05 00:07:33.039 31030 15051 W Unity   : PhysicCharacter:FixedUpdate()
06-05 00:07:33.039 31030 15051 W Unity   : FightCharacter:FixedUpdate()
06-05 00:07:33.039 31030 15051 W Unity   : UnityEngine.Rigidbody:set_velocity(Vector3)
06-05 00:07:33.039 31030 15051 W Unity   : 
06-05 00:07:33.039 31030 15051 W Unity   : [ line 270584168]
06-05 00:07:33.094 31030 15051 W Unity   : Setting linear velocity of a kinematic body is not supported.
06-05 00:07:33.094 31030 15051 W Unity   : PhysicCharacter:FixedUpdate()
06-05 00:07:33.094 31030 15051 W Unity   : FightCharacter:FixedUpdate()
06-05 00:07:33.094 31030 15051 W Unity   : UnityEngine.Rigidbody:set_velocity(Vector3)
06-05 00:07:33.094 31030 15051 W Unity   : 
06-05 00:07:33.094 31030 15051 W Unity   : [ line 270584168]
06-05 00:07:33.095 31030 15051 W Unity   : Setting linear velocity of a kinematic body is not supported.
06-05 00:07:33.095 31030 15051 W Unity   : PhysicCharacter:FixedUpdate()
06-05 00:07:33.095 31030 15051 W Unity   : FightCharacter:FixedUpdate()
06-05 00:07:33.095 31030 15051 W Unity   : UnityEngine.Rigidbody:set_velocity(Vector3)
06-05 00:07:33.095 31030 15051 W Unity   : 
06-05 00:07:33.095 31030 15051 W Unity   : [ line 270584168]
06-05 00:07:33.097 31030 18669 I liteav  : [I][06-05/00:07:33.097+5.5][31030,18680][extension_center.cc:76][1:9440]Notify to extension: AudioSpatialEffectorExt. api call event: kUpdateAudioSpatialEffectorConfig
06-05 00:07:33.124 31030 15051 W Unity   : Setting linear velocity of a kinematic body is not supported.
06-05 00:07:33.124 31030 15051 W Unity   : PhysicCharacter:FixedUpdate()
06-05 00:07:33.124 31030 15051 W Unity   : FightCharacter:FixedUpdate()
06-05 00:07:33.124 31030 15051 W Unity   : UnityEngine.Rigidbody:set_velocity(Vector3)
06-05 00:07:33.124 31030 15051 W Unity   : 
06-05 00:07:33.124 31030 15051 W Unity   : [ line 270584168]
06-05 00:07:33.127 31030 18718 I liteav  : [I][06-05/00:07:33.127+5.5][31030,18718][audio_track_health_monitor.cc:388]AudioTrack(RemoteAudioJitterBuffer) track id(PKG_Normal_official_15125651*@trtc@*1559780932) track health:0, total work duration(ms):34700, total hunger duration(ms):0, max hunger duration(ms):0, total overflow duration(ms):0, max overflow duration(ms):0, max cache size(ms):121 last operation:3 last operation duration(ms):80 total smooth duration(ms):25460 max smooth duration(ms):6920 total accelerate duration(ms):1781 max accelerate duration(ms):933 total decelerate duration(ms):7131 max decelerate duration(ms):809 total plc duration(ms):0 max plc duration(ms):0
06-05 00:07:33.130 31030 15051 W Unity   : Setting linear velocity of a kinematic body is not supported.
06-05 00:07:33.130 31030 15051 W Unity   : PhysicCharacter:FixedUpdate()
06-05 00:07:33.130 31030 15051 W Unity   : FightCharacter:FixedUpdate()
06-05 00:07:33.130 31030 15051 W Unity   : UnityEngine.Rigidbody:set_velocity(Vector3)
06-05 00:07:33.130 31030 15051 W Unity   : 
06-05 00:07:33.130 31030 15051 W Unity   : [ line 270584168]
06-05 00:07:33.158 31030 15051 W Unity   : Setting linear velocity of a kinematic body is not supported.
06-05 00:07:33.158 31030 15051 W Unity   : PhysicCharacter:FixedUpdate()
06-05 00:07:33.158 31030 15051 W Unity   : FightCharacter:FixedUpdate()
06-05 00:07:33.158 31030 15051 W Unity   : UnityEngine.Rigidbody:set_velocity(Vector3)
06-05 00:07:33.158 31030 15051 W Unity   : 
06-05 00:07:33.158 31030 15051 W Unity   : [ line 270584168]
06-05 00:07:33.160 31030 15051 W Unity   : Setting linear velocity of a kinematic body is not supported.
06-05 00:07:33.160 31030 15051 W Unity   : PhysicCharacter:FixedUpdate()
06-05 00:07:33.160 31030 15051 W Unity   : FightCharacter:FixedUpdate()
06-05 00:07:33.160 31030 15051 W Unity   : UnityEngine.Rigidbody:set_velocity(Vector3)
06-05 00:07:33.160 31030 15051 W Unity   : 
06-05 00:07:33.160 31030 15051 W Unity   : [ line 270584168]
06-05 00:07:33.190 31030 15051 W Unity   : Setting linear velocity of a kinematic body is not supported.
06-05 00:07:33.190 31030 15051 W Unity   : PhysicCharacter:FixedUpdate()
06-05 00:07:33.190 31030 15051 W Unity   : FightCharacter:FixedUpdate()
06-05 00:07:33.190 31030 15051 W Unity   : UnityEngine.Rigidbody:set_velocity(Vector3)
06-05 00:07:33.190 31030 15051 W Unity   : 
06-05 00:07:33.190 31030 15051 W Unity   : [ line 270584168]
06-05 00:07:33.256 31030 15051 W Unity   : Setting linear velocity of a kinematic body is not supported.
06-05 00:07:33.256 31030 15051 W Unity   : PhysicCharacter:FixedUpdate()
06-05 00:07:33.256 31030 15051 W Unity   : FightCharacter:FixedUpdate()
06-05 00:07:33.256 31030 15051 W Unity   : UnityEngine.Rigidbody:set_velocity(Vector3)
06-05 00:07:33.256 31030 15051 W Unity   : 
06-05 00:07:33.256 31030 15051 W Unity   : [ line 270584168]
06-05 00:07:33.258 31030 15051 W Unity   : Setting linear velocity of a kinematic body is not supported.
06-05 00:07:33.258 31030 15051 W Unity   : PhysicCharacter:FixedUpdate()
06-05 00:07:33.258 31030 15051 W Unity   : FightCharacter:FixedUpdate()
06-05 00:07:33.258 31030 15051 W Unity   : UnityEngine.Rigidbody:set_velocity(Vector3)
06-05 00:07:33.258 31030 15051 W Unity   : 
06-05 00:07:33.258 31030 15051 W Unity   : [ line 270584168]
06-05 00:07:33.259 31030 15051 W Unity   : Setting linear velocity of a kinematic body is not supported.
06-05 00:07:33.259 31030 15051 W Unity   : PhysicCharacter:FixedUpdate()
06-05 00:07:33.259 31030 15051 W Unity   : FightCharacter:FixedUpdate()
06-05 00:07:33.259 31030 15051 W Unity   : UnityEngine.Rigidbody:set_velocity(Vector3)
06-05 00:07:33.259 31030 15051 W Unity   : 
06-05 00:07:33.259 31030 15051 W Unity   : [ line 270584168]
06-05 00:07:33.260 31030 15051 W Unity   : Setting linear velocity of a kinematic body is not supported.
06-05 00:07:33.260 31030 15051 W Unity   : PhysicCharacter:FixedUpdate()
06-05 00:07:33.260 31030 15051 W Unity   : FightCharacter:FixedUpdate()
06-05 00:07:33.260 31030 15051 W Unity   : UnityEngine.Rigidbody:set_velocity(Vector3)
06-05 00:07:33.260 31030 15051 W Unity   : 
06-05 00:07:33.260 31030 15051 W Unity   : [ line 270584168]
06-05 00:07:33.293 31030 15051 W Unity   : Setting linear velocity of a kinematic body is not supported.
06-05 00:07:33.293 31030 15051 W Unity   : PhysicCharacter:FixedUpdate()
06-05 00:07:33.293 31030 15051 W Unity   : FightCharacter:FixedUpdate()
06-05 00:07:33.293 31030 15051 W Unity   : UnityEngine.Rigidbody:set_velocity(Vector3)
06-05 00:07:33.293 31030 15051 W Unity   : 
06-05 00:07:33.293 31030 15051 W Unity   : [ line 270584168]
06-05 00:07:33.294 31030 18669 I liteav  : [I][06-05/00:07:33.294+5.5][31030,18680][extension_center.cc:76][1:9440]Notify to extension: AudioSpatialEffectorExt. api call event: kUpdateAudioSpatialEffectorConfig
06-05 00:07:33.324 31030 15051 W Unity   : Setting linear velocity of a kinematic body is not supported.
06-05 00:07:33.324 31030 15051 W Unity   : PhysicCharacter:FixedUpdate()
06-05 00:07:33.324 31030 15051 W Unity   : FightCharacter:FixedUpdate()
06-05 00:07:33.324 31030 15051 W Unity   : UnityEngine.Rigidbody:set_velocity(Vector3)
06-05 00:07:33.324 31030 15051 W Unity   : 
06-05 00:07:33.324 31030 15051 W Unity   : [ line 270584168]
06-05 00:07:33.325 31030 15051 W Unity   : Setting linear velocity of a kinematic body is not supported.
06-05 00:07:33.325 31030 15051 W Unity   : PhysicCharacter:FixedUpdate()
06-05 00:07:33.325 31030 15051 W Unity   : FightCharacter:FixedUpdate()
06-05 00:07:33.325 31030 15051 W Unity   : UnityEngine.Rigidbody:set_velocity(Vector3)
06-05 00:07:33.325 31030 15051 W Unity   : 
06-05 00:07:33.325 31030 15051 W Unity   : [ line 270584168]
06-05 00:07:33.357 31030 15051 W Unity   : Setting linear velocity of a kinematic body is not supported.
06-05 00:07:33.357 31030 15051 W Unity   : PhysicCharacter:FixedUpdate()
06-05 00:07:33.357 31030 15051 W Unity   : FightCharacter:FixedUpdate()
06-05 00:07:33.357 31030 15051 W Unity   : UnityEngine.Rigidbody:set_velocity(Vector3)
06-05 00:07:33.357 31030 15051 W Unity   : 
06-05 00:07:33.357 31030 15051 W Unity   : [ line 270584168]
06-05 00:07:33.359 31030 15051 W Unity   : Setting linear velocity of a kinematic body is not supported.
06-05 00:07:33.359 31030 15051 W Unity   : PhysicCharacter:FixedUpdate()
06-05 00:07:33.359 31030 15051 W Unity   : FightCharacter:FixedUpdate()
06-05 00:07:33.359 31030 15051 W Unity   : UnityEngine.Rigidbody:set_velocity(Vector3)
06-05 00:07:33.359 31030 15051 W Unity   : 
06-05 00:07:33.359 31030 15051 W Unity   : [ line 270584168]
06-05 00:07:33.384 31030 15051 W Unity   : Setting linear velocity of a kinematic body is not supported.
06-05 00:07:33.384 31030 15051 W Unity   : PhysicCharacter:FixedUpdate()
06-05 00:07:33.384 31030 15051 W Unity   : FightCharacter:FixedUpdate()
06-05 00:07:33.384 31030 15051 W Unity   : UnityEngine.Rigidbody:set_velocity(Vector3)
06-05 00:07:33.384 31030 15051 W Unity   : 
06-05 00:07:33.384 31030 15051 W Unity   : [ line 270584168]
06-05 00:07:33.412 31030 15051 W Unity   : Setting linear velocity of a kinematic body is not supported.
06-05 00:07:33.412 31030 15051 W Unity   : PhysicCharacter:FixedUpdate()
06-05 00:07:33.412 31030 15051 W Unity   : FightCharacter:FixedUpdate()
06-05 00:07:33.412 31030 15051 W Unity   : UnityEngine.Rigidbody:set_velocity(Vector3)
06-05 00:07:33.412 31030 15051 W Unity   : 
06-05 00:07:33.412 31030 15051 W Unity   : [ line 270584168]
06-05 00:07:33.414 31030 15051 W Unity   : Setting linear velocity of a kinematic body is not supported.
06-05 00:07:33.414 31030 15051 W Unity   : PhysicCharacter:FixedUpdate()
06-05 00:07:33.414 31030 15051 W Unity   : FightCharacter:FixedUpdate()
06-05 00:07:33.414 31030 15051 W Unity   : UnityEngine.Rigidbody:set_velocity(Vector3)
06-05 00:07:33.414 31030 15051 W Unity   : 
06-05 00:07:33.414 31030 15051 W Unity   : [ line 270584168]
06-05 00:07:33.444 31030 15051 W Unity   : Setting linear velocity of a kinematic body is not supported.
06-05 00:07:33.444 31030 15051 W Unity   : PhysicCharacter:FixedUpdate()
06-05 00:07:33.444 31030 15051 W Unity   : FightCharacter:FixedUpdate()
06-05 00:07:33.444 31030 15051 W Unity   : UnityEngine.Rigidbody:set_velocity(Vector3)
06-05 00:07:33.444 31030 15051 W Unity   : 
06-05 00:07:33.444 31030 15051 W Unity   : [ line 270584168]
06-05 00:07:33.448 31030 15051 W Unity   : Setting linear velocity of a kinematic body is not supported.
06-05 00:07:33.448 31030 15051 W Unity   : PhysicCharacter:FixedUpdate()
06-05 00:07:33.448 31030 15051 W Unity   : FightCharacter:FixedUpdate()
06-05 00:07:33.448 31030 15051 W Unity   : UnityEngine.Rigidbody:set_velocity(Vector3)
06-05 00:07:33.448 31030 15051 W Unity   : 
06-05 00:07:33.448 31030 15051 W Unity   : [ line 270584168]
06-05 00:07:33.449 31030 18669 I liteav  : [I][06-05/00:07:33.449+5.5][31030,18680][extension_center.cc:76][1:9440]Notify to extension: AudioSpatialEffectorExt. api call event: kUpdateAudioSpatialEffectorConfig
06-05 00:07:33.481 31030 15051 W Unity   : Setting linear velocity of a kinematic body is not supported.
06-05 00:07:33.481 31030 15051 W Unity   : PhysicCharacter:FixedUpdate()
06-05 00:07:33.481 31030 15051 W Unity   : FightCharacter:FixedUpdate()
06-05 00:07:33.481 31030 15051 W Unity   : UnityEngine.Rigidbody:set_velocity(Vector3)
06-05 00:07:33.481 31030 15051 W Unity   : 
06-05 00:07:33.481 31030 15051 W Unity   : [ line 270584168]
06-05 00:07:33.511 31030 15051 W Unity   : Setting linear velocity of a kinematic body is not supported.
06-05 00:07:33.511 31030 15051 W Unity   : PhysicCharacter:FixedUpdate()
06-05 00:07:33.511 31030 15051 W Unity   : FightCharacter:FixedUpdate()
06-05 00:07:33.511 31030 15051 W Unity   : UnityEngine.Rigidbody:set_velocity(Vector3)
06-05 00:07:33.511 31030 15051 W Unity   : 
06-05 00:07:33.511 31030 15051 W Unity   : [ line 270584168]
06-05 00:07:33.512 31030 15051 W Unity   : Setting linear velocity of a kinematic body is not supported.
06-05 00:07:33.512 31030 15051 W Unity   : PhysicCharacter:FixedUpdate()
06-05 00:07:33.512 31030 15051 W Unity   : FightCharacter:FixedUpdate()
06-05 00:07:33.512 31030 15051 W Unity   : UnityEngine.Rigidbody:set_velocity(Vector3)
06-05 00:07:33.512 31030 15051 W Unity   : 
06-05 00:07:33.512 31030 15051 W Unity   : [ line 270584168]
06-05 00:07:33.543 31030 15051 W Unity   : Setting linear velocity of a kinematic body is not supported.
06-05 00:07:33.543 31030 15051 W Unity   : PhysicCharacter:FixedUpdate()
06-05 00:07:33.543 31030 15051 W Unity   : FightCharacter:FixedUpdate()
06-05 00:07:33.543 31030 15051 W Unity   : UnityEngine.Rigidbody:set_velocity(Vector3)
06-05 00:07:33.543 31030 15051 W Unity   : 
06-05 00:07:33.543 31030 15051 W Unity   : [ line 270584168]
06-05 00:07:33.545 31030 15051 W Unity   : Setting linear velocity of a kinematic body is not supported.
06-05 00:07:33.545 31030 15051 W Unity   : PhysicCharacter:FixedUpdate()
06-05 00:07:33.545 31030 15051 W Unity   : FightCharacter:FixedUpdate()
06-05 00:07:33.545 31030 15051 W Unity   : UnityEngine.Rigidbody:set_velocity(Vector3)
06-05 00:07:33.545 31030 15051 W Unity   : 
06-05 00:07:33.545 31030 15051 W Unity   : [ line 270584168]
06-05 00:07:33.578 31030 15051 W Unity   : Setting linear velocity of a kinematic body is not supported.
06-05 00:07:33.578 31030 15051 W Unity   : PhysicCharacter:FixedUpdate()
06-05 00:07:33.578 31030 15051 W Unity   : FightCharacter:FixedUpdate()
06-05 00:07:33.578 31030 15051 W Unity   : UnityEngine.Rigidbody:set_velocity(Vector3)
06-05 00:07:33.578 31030 15051 W Unity   : 
06-05 00:07:33.578 31030 15051 W Unity   : [ line 270584168]
06-05 00:07:33.612 31030 15051 W Unity   : Setting linear velocity of a kinematic body is not supported.
06-05 00:07:33.612 31030 15051 W Unity   : PhysicCharacter:FixedUpdate()
06-05 00:07:33.612 31030 15051 W Unity   : FightCharacter:FixedUpdate()
06-05 00:07:33.612 31030 15051 W Unity   : UnityEngine.Rigidbody:set_velocity(Vector3)
06-05 00:07:33.612 31030 15051 W Unity   : 
06-05 00:07:33.612 31030 15051 W Unity   : [ line 270584168]
06-05 00:07:33.613 31030 15051 W Unity   : Setting linear velocity of a kinematic body is not supported.
06-05 00:07:33.613 31030 15051 W Unity   : PhysicCharacter:FixedUpdate()
06-05 00:07:33.613 31030 15051 W Unity   : FightCharacter:FixedUpdate()
06-05 00:07:33.613 31030 15051 W Unity   : UnityEngine.Rigidbody:set_velocity(Vector3)
06-05 00:07:33.613 31030 15051 W Unity   : 
06-05 00:07:33.613 31030 15051 W Unity   : [ line 270584168]
06-05 00:07:33.615 31030 18669 I liteav  : [I][06-05/00:07:33.615+5.5][31030,18680][extension_center.cc:76][1:9440]Notify to extension: AudioSpatialEffectorExt. api call event: kUpdateAudioSpatialEffectorConfig
06-05 00:07:33.647 31030 15051 W Unity   : Setting linear velocity of a kinematic body is not supported.
06-05 00:07:33.647 31030 15051 W Unity   : PhysicCharacter:FixedUpdate()
06-05 00:07:33.647 31030 15051 W Unity   : FightCharacter:FixedUpdate()
06-05 00:07:33.647 31030 15051 W Unity   : UnityEngine.Rigidbody:set_velocity(Vector3)
06-05 00:07:33.647 31030 15051 W Unity   : 
06-05 00:07:33.647 31030 15051 W Unity   : [ line 270584168]
06-05 00:07:33.649 31030 15051 W Unity   : Setting linear velocity of a kinematic body is not supported.
06-05 00:07:33.649 31030 15051 W Unity   : PhysicCharacter:FixedUpdate()
06-05 00:07:33.649 31030 15051 W Unity   : FightCharacter:FixedUpdate()
06-05 00:07:33.649 31030 15051 W Unity   : UnityEngine.Rigidbody:set_velocity(Vector3)
06-05 00:07:33.649 31030 15051 W Unity   : 
06-05 00:07:33.649 31030 15051 W Unity   : [ line 270584168]
06-05 00:07:33.677 31030 15051 W Unity   : Setting linear velocity of a kinematic body is not supported.
06-05 00:07:33.677 31030 15051 W Unity   : PhysicCharacter:FixedUpdate()
06-05 00:07:33.677 31030 15051 W Unity   : FightCharacter:FixedUpdate()
06-05 00:07:33.677 31030 15051 W Unity   : UnityEngine.Rigidbody:set_velocity(Vector3)
06-05 00:07:33.677 31030 15051 W Unity   : 
06-05 00:07:33.677 31030 15051 W Unity   : [ line 270584168]
06-05 00:07:33.710 31030 15051 W Unity   : Setting linear velocity of a kinematic body is not supported.
06-05 00:07:33.710 31030 15051 W Unity   : PhysicCharacter:FixedUpdate()
06-05 00:07:33.710 31030 15051 W Unity   : FightCharacter:FixedUpdate()
06-05 00:07:33.710 31030 15051 W Unity   : UnityEngine.Rigidbody:set_velocity(Vector3)
06-05 00:07:33.710 31030 15051 W Unity   : 
06-05 00:07:33.710 31030 15051 W Unity   : [ line 270584168]
06-05 00:07:33.711 31030 15051 W Unity   : Setting linear velocity of a kinematic body is not supported.
06-05 00:07:33.711 31030 15051 W Unity   : PhysicCharacter:FixedUpdate()
06-05 00:07:33.711 31030 15051 W Unity   : FightCharacter:FixedUpdate()
06-05 00:07:33.711 31030 15051 W Unity   : UnityEngine.Rigidbody:set_velocity(Vector3)
06-05 00:07:33.711 31030 15051 W Unity   : 
06-05 00:07:33.711 31030 15051 W Unity   : [ line 270584168]
06-05 00:07:33.734 31030 18669 W liteav  : [W][06-05/00:07:33.733+5.5][31030,18672][thread_manager.cc:989]Avg task delay exception has been recovered. bizid=liteav_audio_api, queue=494728443480
06-05 00:07:33.734 31030 18669 I liteav  : [I][06-05/00:07:33.733+5.5][31030,18672][thread_manager.cc:911]Threads stats
06-05 00:07:33.734 31030 18669 I liteav  : {bizids, load_rate, avg_task_cost, avg_task_delay, task_count, reuse_count, max_task_cost, max_task_delay}:
06-05 00:07:33.734 31030 18669 I liteav  : 1_0_0_0_0_0=>
06-05 00:07:33.734 31030 18669 I liteav  : {0:, 0%, 0ms, 0ms, 121, 1, 1ms, 1ms}
06-05 00:07:33.734 31030 18669 I liteav  : 1_0_0_0_0_102=>
06-05 00:07:33.734 31030 18669 I liteav  : {102:, 1%, 0ms, 0ms, 167, 1, 2ms, 6ms}
06-05 00:07:33.734 31030 18669 I liteav  : 1_0_0_0_0_902=>
06-05 00:07:33.734 31030 18669 I liteav  : {902:, 0%, 0ms, 0ms, 66, 1, 2ms, 1ms}
06-05 00:07:33.734 31030 18669 I liteav  : 1_0_0_1_0_-1=>
06-05 00:07:33.734 31030 18669 I liteav  : {106:, 0%, 0ms, 0ms, 0, 1, 0ms, 0ms}
06-05 00:07:33.734 31030 18669 I liteav  : {107:, 0%, 0ms, 0ms, 0, 1, 0ms, 0ms}
06-05 00:07:33.734 31030 18669 I liteav  : 1_0_0_1_0_100=>
06-05 00:07:33.734 31030 18669 I liteav  : {100:, 0%, 0ms, 0ms, 4, 1, 1ms, 1ms}
06-05 00:07:33.734 31030 18669 I liteav  : 1_0_3_0_0_700=>
06-05 00:07:33.734 31030 18669 I liteav  : {700:, 0%, 0ms, 0ms, 0, 0, 0ms, 0ms}
06-05 00:07:33.734 31030 18669 I liteav  : 1_0_3_0_0_701=>
06-05 00:07:33.734 31030 18669 I liteav  : {701:, 0%, 0ms, 0ms, 6, 1, 1ms, 0ms}
06-05 00:07:33.734 31030 18669 I liteav  : 1_0_3_0_0_900=>
06-05 00:07:33.734 31030 18669 I liteav  : {900:, 0%, 0ms, 0ms, 122, 1, 1ms, 3ms}
06-05 00:07:33.734 31030 18669 I liteav  : 3_0_0_0_0_101=>
06-05 00:07:33.734 31030 18669 I liteav  : {101:, 2%, 0ms, 0ms, 166, 0, 1ms, 6ms}
06-05 00:07:33.735 31030 18669 W liteav  : [W][06-05/00:07:33.733+5.5][31030,18672][thread_manager.cc:989]Max task delay exception has been recovered. bizid=liteav_audio_api, queue=494728443480
06-05 00:07:33.735 31030 18669 I liteav  : [I][06-05/00:07:33.733+5.5][31030,18672][thread_manager.cc:911]Threads stats
06-05 00:07:33.735 31030 18669 I liteav  : {bizids, load_rate, avg_task_cost, avg_task_delay, task_count, reuse_count, max_task_cost, max_task_delay}:
06-05 00:07:33.735 31030 18669 I liteav  : 1_0_0_0_0_0=>
06-05 00:07:33.735 31030 18669 I liteav  : {0:, 0%, 0ms, 0ms, 121, 1, 1ms, 1ms}
06-05 00:07:33.735 31030 18669 I liteav  : 1_0_0_0_0_102=>
06-05 00:07:33.735 31030 18669 I liteav  : {102:, 1%, 0ms, 0ms, 167, 1, 2ms, 6ms}
06-05 00:07:33.735 31030 18669 I liteav  : 1_0_0_0_0_902=>
06-05 00:07:33.735 31030 18669 I liteav  : {902:, 0%, 0ms, 0ms, 66, 1, 2ms, 1ms}
06-05 00:07:33.735 31030 18669 I liteav  : 1_0_0_1_0_-1=>
06-05 00:07:33.735 31030 18669 I liteav  : {106:, 0%, 0ms, 0ms, 0, 1, 0ms, 0ms}
06-05 00:07:33.735 31030 18669 I liteav  : {107:, 0%, 0ms, 0ms, 0, 1, 0ms, 0ms}
06-05 00:07:33.735 31030 18669 I liteav  : 1_0_0_1_0_100=>
06-05 00:07:33.735 31030 18669 I liteav  : {100:, 0%, 0ms, 0ms, 4, 1, 1ms, 1ms}
06-05 00:07:33.735 31030 18669 I liteav  : 1_0_3_0_0_700=>
06-05 00:07:33.735 31030 18669 I liteav  : {700:, 0%, 0ms, 0ms, 0, 0, 0ms, 0ms}
06-05 00:07:33.735 31030 18669 I liteav  : 1_0_3_0_0_701=>
06-05 00:07:33.735 31030 18669 I liteav  : {701:, 0%, 0ms, 0ms, 6, 1, 1ms, 0ms}
06-05 00:07:33.735 31030 18669 I liteav  : 1_0_3_0_0_900=>
06-05 00:07:33.735 31030 18669 I liteav  : {900:, 0%, 0ms, 0ms, 122, 1, 1ms, 3ms}
06-05 00:07:33.735 31030 18669 I liteav  : 3_0_0_0_0_101=>
06-05 00:07:33.735 31030 18669 I liteav  : {101:, 2%, 0ms, 0ms, 166, 0, 1ms, 6ms}
06-05 00:07:33.735 31030 18669 W liteav  : [W][06-05/00:07:33.733+5.5][31030,18672][thread_manager.cc:989]Max task cost exception has been recovered. bizid=liteav_audio_api, queue=494728443480
06-05 00:07:33.735 31030 18669 I liteav  : [I][06-05/00:07:33.734+5.5][31030,18672][thread_manager.cc:911]Threads stats
